前向观察 30.0 分钟，起始 25940109；截止 = 事件时间 + 300s
  Etherscan logs 25940110-25940110：0 条，缺口 0 段
  Etherscan logs 25940111-25940111：0 条，缺口 0 段
  Etherscan logs 25940112-25940112：0 条，缺口 0 段
  Etherscan logs 25940113-25940113：0 条，缺口 0 段
  Etherscan logs 25940114-25940114：0 条，缺口 0 段
  Etherscan logs 25940115-25940115：0 条，缺口 0 段
  Etherscan logs 25940116-25940116：0 条，缺口 0 段
  Etherscan logs 25940117-25940117：0 条，缺口 0 段
  Etherscan logs 25940118-25940118：0 条，缺口 0 段
  Etherscan logs 25940119-25940119：0 条，缺口 0 段
  Etherscan logs 25940120-25940120：0 条，缺口 0 段
  Etherscan logs 25940121-25940121：0 条，缺口 0 段
  Etherscan logs 25940122-25940122：0 条，缺口 0 段
  Etherscan logs 25940123-25940123：0 条，缺口 0 段
  Etherscan logs 25940124-25940124：0 条，缺口 0 段
  Etherscan logs 25940125-25940125：0 条，缺口 0 段
  Etherscan logs 25940126-25940126：0 条，缺口 0 段
  Etherscan logs 25940127-25940127：0 条，缺口 0 段
  Etherscan logs 25940128-25940128：0 条，缺口 0 段
  Etherscan logs 25940129-25940129：0 条，缺口 0 段
  Etherscan logs 25940130-25940130：0 条，缺口 0 段
  Etherscan logs 25940131-25940131：0 条，缺口 0 段
  Etherscan logs 25940132-25940132：0 条，缺口 0 段
  Etherscan logs 25940133-25940133：0 条，缺口 0 段
  Etherscan logs 25940134-25940134：0 条，缺口 0 段
  Etherscan logs 25940135-25940135：0 条，缺口 0 段
  Etherscan logs 25940136-25940136：0 条，缺口 0 段
  Etherscan logs 25940137-25940137：0 条，缺口 0 段
  Etherscan logs 25940138-25940138：0 条，缺口 0 段
  Etherscan logs 25940139-25940139：0 条，缺口 0 段
  Etherscan logs 25940140-25940140：0 条，缺口 0 段
  Etherscan logs 25940141-25940141：0 条，缺口 0 段
  Etherscan logs 25940142-25940142：0 条，缺口 0 段
  Etherscan logs 25940143-25940143：0 条，缺口 0 段
  Etherscan logs 25940144-25940144：0 条，缺口 0 段
  Etherscan logs 25940145-25940145：0 条，缺口 0 段
  Etherscan logs 25940146-25940146：0 条，缺口 0 段
  Etherscan logs 25940147-25940147：0 条，缺口 0 段
  Etherscan logs 25940148-25940148：0 条，缺口 0 段
  Etherscan logs 25940149-25940149：0 条，缺口 0 段
  Etherscan logs 25940150-25940150：0 条，缺口 0 段
  Etherscan logs 25940151-25940151：0 条，缺口 0 段
  Etherscan logs 25940152-25940152：0 条，缺口 0 段
  Etherscan logs 25940153-25940153：0 条，缺口 0 段
  Etherscan logs 25940154-25940154：0 条，缺口 0 段
  Etherscan logs 25940155-25940155：0 条，缺口 0 段
  Etherscan logs 25940156-25940156：0 条，缺口 0 段
  Etherscan logs 25940157-25940157：0 条，缺口 0 段
  Etherscan logs 25940158-25940158：0 条，缺口 0 段
  Etherscan logs 25940159-25940159：0 条，缺口 0 段
  Etherscan logs 25940160-25940160：0 条，缺口 0 段
  Etherscan logs 25940161-25940161：0 条，缺口 0 段
  Etherscan logs 25940162-25940162：0 条，缺口 0 段
  Etherscan logs 25940163-25940163：0 条，缺口 0 段
  Etherscan logs 25940164-25940164：0 条，缺口 0 段
  Etherscan logs 25940165-25940165：0 条，缺口 0 段
  Etherscan logs 25940166-25940166：0 条，缺口 0 段
  Etherscan logs 25940167-25940167：0 条，缺口 0 段
  Etherscan logs 25940168-25940168：0 条，缺口 0 段
  Etherscan logs 25940169-25940169：0 条，缺口 0 段
  Etherscan logs 25940170-25940170：0 条，缺口 0 段
  Etherscan logs 25940171-25940171：0 条，缺口 0 段
  Etherscan logs 25940172-25940172：0 条，缺口 0 段
  Etherscan logs 25940173-25940173：0 条，缺口 0 段
  Etherscan logs 25940174-25940174：0 条，缺口 0 段
  Etherscan logs 25940175-25940175：0 条，缺口 0 段
  Etherscan logs 25940176-25940176：0 条，缺口 0 段
  Etherscan logs 25940177-25940177：0 条，缺口 0 段
  Etherscan logs 25940178-25940178：0 条，缺口 0 段
  Etherscan logs 25940179-25940179：0 条，缺口 0 段
  Etherscan logs 25940180-25940180：0 条，缺口 0 段
  Etherscan logs 25940181-25940181：0 条，缺口 0 段
  Etherscan logs 25940182-25940182：0 条，缺口 0 段
  Etherscan logs 25940183-25940183：0 条，缺口 0 段
  Etherscan logs 25940184-25940184：0 条，缺口 0 段
  Etherscan logs 25940185-25940185：0 条，缺口 0 段
  Etherscan logs 25940186-25940186：0 条，缺口 0 段
  Etherscan logs 25940187-25940187：0 条，缺口 0 段
  Etherscan logs 25940188-25940188：0 条，缺口 0 段
  Etherscan logs 25940189-25940189：0 条，缺口 0 段
  Etherscan logs 25940190-25940190：0 条，缺口 0 段
  Etherscan logs 25940191-25940191：0 条，缺口 0 段
  Etherscan logs 25940192-25940192：0 条，缺口 0 段
  Etherscan logs 25940193-25940193：0 条，缺口 0 段
  Etherscan logs 25940194-25940194：0 条，缺口 0 段
  Etherscan logs 25940195-25940195：0 条，缺口 0 段
  Etherscan logs 25940196-25940196：0 条，缺口 0 段
  Etherscan logs 25940197-25940197：0 条，缺口 0 段
  Etherscan logs 25940198-25940198：0 条，缺口 0 段
  Etherscan logs 25940199-25940199：0 条，缺口 0 段
  Etherscan logs 25940200-25940200：0 条，缺口 0 段
  Etherscan logs 25940201-25940201：0 条，缺口 0 段
  Etherscan logs 25940202-25940202：0 条，缺口 0 段
  Etherscan logs 25940203-25940203：0 条，缺口 0 段
  Etherscan logs 25940204-25940204：0 条，缺口 0 段
  Etherscan logs 25940205-25940205：0 条，缺口 0 段
  Etherscan logs 25940206-25940206：0 条，缺口 0 段
  Etherscan logs 25940207-25940207：0 条，缺口 0 段
  Etherscan logs 25940208-25940208：0 条，缺口 0 段
  Etherscan logs 25940209-25940209：0 条，缺口 0 段
  Etherscan logs 25940210-25940210：0 条，缺口 0 段
  Etherscan logs 25940211-25940211：0 条，缺口 0 段
  Etherscan logs 25940212-25940212：0 条，缺口 0 段
  Etherscan logs 25940213-25940213：0 条，缺口 0 段
  Etherscan logs 25940214-25940214：0 条，缺口 0 段
  Etherscan logs 25940215-25940215：0 条，缺口 0 段
  Etherscan logs 25940216-25940216：0 条，缺口 0 段
  Etherscan logs 25940217-25940217：0 条，缺口 0 段
  Etherscan logs 25940218-25940218：0 条，缺口 0 段
  Etherscan logs 25940219-25940219：0 条，缺口 0 段
  Etherscan logs 25940219-25940219：1 条，缺口 0 段
  Etherscan logs 25940220-25940220：0 条，缺口 0 段
  0x57de9189… 处理  11.5s  事件→完成 30.0s  在截止内
  Etherscan logs 25940221-25940222：0 条，缺口 0 段
  Etherscan logs 25940223-25940223：0 条，缺口 0 段
  Etherscan logs 25940224-25940224：0 条，缺口 0 段
  Etherscan logs 25940225-25940225：0 条，缺口 0 段
  Etherscan logs 25940226-25940226：0 条，缺口 0 段
  Etherscan logs 25940227-25940227：0 条，缺口 0 段
  Etherscan logs 25940228-25940228：0 条，缺口 0 段
  Etherscan logs 25940229-25940229：0 条，缺口 0 段
  Etherscan logs 25940230-25940230：0 条，缺口 0 段
  Etherscan logs 25940231-25940231：0 条，缺口 0 段
  Etherscan logs 25940232-25940232：0 条，缺口 0 段
  Etherscan logs 25940233-25940233：0 条，缺口 0 段
  Etherscan logs 25940234-25940234：0 条，缺口 0 段
  Etherscan logs 25940235-25940235：0 条，缺口 0 段
  Etherscan logs 25940236-25940236：0 条，缺口 0 段
  Etherscan logs 25940237-25940237：0 条，缺口 0 段
  Etherscan logs 25940238-25940238：0 条，缺口 0 段
  Etherscan logs 25940239-25940239：0 条，缺口 0 段
  Etherscan logs 25940240-25940240：0 条，缺口 0 段
  Etherscan logs 25940241-25940241：0 条，缺口 0 段
  Etherscan logs 25940242-25940242：0 条，缺口 0 段
  Etherscan logs 25940243-25940243：0 条，缺口 0 段
  Etherscan logs 25940244-25940244：0 条，缺口 0 段
  Etherscan logs 25940245-25940245：0 条，缺口 0 段
  Etherscan logs 25940246-25940246：0 条，缺口 0 段
  Etherscan logs 25940247-25940247：0 条，缺口 0 段
  Etherscan logs 25940248-25940248：0 条，缺口 0 段
  Etherscan logs 25940249-25940249：0 条，缺口 0 段
  Etherscan logs 25940250-25940250：0 条，缺口 0 段
  Etherscan logs 25940250-25940250：1 条，缺口 0 段
  Etherscan logs 25940251-25940251：0 条，缺口 0 段
  0xe53af305… 处理  10.4s  事件→完成 31.1s  在截止内
  Etherscan logs 25940252-25940252：0 条，缺口 0 段
  Etherscan logs 25940253-25940253：0 条，缺口 0 段
  Etherscan logs 25940254-25940254：0 条，缺口 0 段
  Etherscan logs 25940255-25940255：0 条，缺口 0 段
  Etherscan logs 25940256-25940256：0 条，缺口 0 段
  Etherscan logs 25940257-25940257：0 条，缺口 0 段
  Etherscan logs 25940258-25940258：0 条，缺口 0 段
前向观察结束。

==============================================================================
模式：backfill    候选数 N = 400
数据采集时的 spec_hash：542bbdecb29787fb
当前进程 spec_hash：542bbdecb29787fb
链 = ethereum   决策窗口 = 300s
本模式回看窗口 = 2500000 区块
==============================================================================

【1】四条链路各自状态分布（分母 = N）
  L1 建池交易发送者             已判完 =  400/400 (100.0%)
                          ok=400
  L2a 浏览器创建归因            已判完 =  394/400 (98.5%)
                          ok=394  ambiguous=6
  L2b 纯RPC创建归因           已判完 =  370/400 (92.5%)
                          ok=370  ambiguous=29  history_truncated=1
  L3 首次Mint与LP接收         已判完 =  399/400 (99.8%)
                          ok=392  no_history=7  ambiguous=1
  L4 最早观察到的入账            已判完 =  400/400 (100.0%)
                          ok=358  no_history=42

【2】联合覆盖率 —— 唯一的结论行
  规则需要：pair_created_tx_sender, creation_tx_sender, creator_prior_activity_known
  '已判完'计入可用的状态：['ok', 'no_history']  （历史部署零条仍为未知，不代表没有历史）
  联合可用 = 329/400  (82.2%)

【2b】历史可见性状态分布
  ok                  （已判完）  329/400 (82.2%)
  history_truncated   （不可用）   71/400 (17.8%)

【3】两条创建归因链路的交叉校验（按部署形态分层）
  只比较两条链路都判 ok 的行；工厂路径 L2b 仍为 ambiguous，不能据此确定归因。
  direct   候选  368；可比  368；一致 368 (100.0%)
  factory  候选   26；可比    2；一致 2 (100.0%)
  unknown  候选    6；可比    0；一致 0 (n/a)

【3c】两路一致性的细分（先比创建交易，再比地址）
  agree                 370/400 (92.5%)
  not_comparable         30/400 (7.5%)
  conflict_tx = 两路指向不同的创建交易，这才是真歧义；此时不写 creation_tx_sender。

【3b】creation_tx_sender 的确定性（ambiguous / conflict 不进下游）
  ok                    394/400 (98.5%)
  ambiguous               6/400 (1.5%)

【5】新池 ≠ 新币（只统计 backfill 候选）
  该代币此前已有池：0/400 (0.0%)
  无法判定哪侧是新币：6/400 (1.5%)

【本周能否定什么 / 不能否定什么】
  能否定：在这个冻结的母体、数据源、回看范围与决策截止内，
          【这一版归因规则】覆盖不足或来不及返回。
  不能否定：信息不存在；RT-A 有没有 edge；换数据源后是否可行。
  若 L2b 整条为 api_failure，请回看 capability_report.json 的
  l2b_usable —— 那是数据源限制，不是链上没有信息。

==============================================================================
模式：forward    候选数 N = 2
数据采集时的 spec_hash：542bbdecb29787fb
当前进程 spec_hash：542bbdecb29787fb
链 = ethereum   决策窗口 = 300s
本模式回看窗口 = 2500000 区块
==============================================================================

【1】四条链路各自状态分布（分母 = N）
  L1 建池交易发送者             已判完 =    2/2 (100.0%)
                          ok=2
  L2a 浏览器创建归因            已判完 =    2/2 (100.0%)
                          ok=2
  L2b 纯RPC创建归因           已判完 =    2/2 (100.0%)
                          ok=2
  L3 首次Mint与LP接收         已判完 =    2/2 (100.0%)
                          ok=2
  L4 最早观察到的入账            已判完 =    2/2 (100.0%)
                          ok=2

【2】联合覆盖率 —— 唯一的结论行
  规则需要：pair_created_tx_sender, creation_tx_sender, creator_prior_activity_known
  '已判完'计入可用的状态：['ok', 'no_history']  （历史部署零条仍为未知，不代表没有历史）
  联合可用 = 2/2  (100.0%)

【2b】历史可见性状态分布
  ok                  （已判完）    2/2 (100.0%)

【3】两条创建归因链路的交叉校验（按部署形态分层）
  只比较两条链路都判 ok 的行；工厂路径 L2b 仍为 ambiguous，不能据此确定归因。
  direct   候选    2；可比    2；一致 2 (100.0%)
  factory  候选    0；可比    0；一致 0 (n/a)
  unknown  候选    0；可比    0；一致 0 (n/a)

【3c】两路一致性的细分（先比创建交易，再比地址）
  agree                   2/2 (100.0%)
  conflict_tx = 两路指向不同的创建交易，这才是真歧义；此时不写 creation_tx_sender。

【3b】creation_tx_sender 的确定性（ambiguous / conflict 不进下游）
  ok                      2/2 (100.0%)

【4】时间（两个不同的量，不要混读）
  单候选处理耗时：中位 11.5s  p90 11.5s  最大 11.5s
  事件→规则必需字段齐备（联合时限看这个）：中位 31.1s  p90 31.1s  最大 31.1s
  事件→L1 返回：中位 21.0s  p90 21.0s  最大 21.0s
  事件→L2 返回：中位 29.1s  p90 29.1s  最大 29.1s
  事件→L3 返回：中位 30.0s  p90 30.0s  最大 30.0s
  事件→L4 返回：中位 30.5s  p90 30.5s  最大 30.5s
  事件→全部链路返回：中位 31.1s  p90 31.1s  最大 31.1s
  超过决策截止 0/2 (0.0%)
  注意：若处理耗时本身就接近截止，这里量到的是脚本速度，不是数据源速度。

【本周能否定什么 / 不能否定什么】
  能否定：在这个冻结的母体、数据源、回看范围与决策截止内，
          【这一版归因规则】覆盖不足或来不及返回。
  不能否定：信息不存在；RT-A 有没有 edge；换数据源后是否可行。
  若 L2b 整条为 api_failure，请回看 capability_report.json 的
  l2b_usable —— 那是数据源限制，不是链上没有信息。

→ /home/ancillary/rightTail/forward_B_20260909_30m/forward/audit_sample.csv（最后两列请手工填）
  重点看：关联是不是只是共用了 router、工厂或交易所热钱包。
