M_eff=37.0  ln(M)=3.6109  所需对数增长 g=1.2036/年  年化=+233.2%
  全 Kelly (g=0.5·S²)         组合 Sharpe 需 1.55
  半 Kelly (g=0.375·S²)       组合 Sharpe 需 1.79

  组合 Sharpe 1.79 可由 k 条相关性≈0 的 sleeve 合成：
    k=1 → 每条需 1.79
    k=2 → 每条需 1.27
    k=3 → 每条需 1.03
    k=4 → 每条需 0.90

验证时间 = (z_a+z_b)²/S²，80% 功效：
  单次预设检验                     α=0.02500  T=2.45 年
  Bonferroni n=18(17前史+1新)   α=0.00139  T=4.58 年

零 edge（财富为鞅）P=(1-a)/(b-a)。§0 为分段注资：10万仅在触及5万后释放，
故完成111万 = 两段连续成功。总资产(含未释放储备)亦为鞅，可独立复核。
  止损档            阶段1 1万→5万    阶段2 15万→111万      联合完成111万
  亏50%止             11.11%           7.25%         0.81%
  亏70%止             14.89%           9.86%         1.47%
  亏90%止             18.37%          12.33%         2.26%
  亏99%止             19.84%          13.40%         2.66%
  亏100%止            20.00%          13.51%         2.70%
  复核 a=0.5: 阶段1 10.5(1-P)+15P=11 -> P=0.1111; 阶段2 7.5(1-P)+111P=15 -> P=0.0725
  注：11万于 t=0 一次性投入为 5.2%-9.9%，但 §0 禁止该路径，不作为基线。

成本吃掉目标增长所需周转 n_max = g/往返成本（对数口径）：
       6bp →   2006 次/年
      22bp →    547 次/年
     400bp →     30 次/年
    1070bp →     11 次/年
