前向观察 0.01 分钟，起始 1400；截止 = 事件时间 + 300s
  .. 1401-1403  累计 2
  0x00000000… 处理   0.0s  事件→完成 88771882.2s  超过截止
  .. 1401-1403  累计 2
  .. 1404-1404  累计 0
  0x00000000… 处理   0.0s  事件→完成 88771870.2s  超过截止
  .. 1405-1405  累计 0
前向观察结束。

==============================================================================
模式：forward    候选数 N = 2
数据采集时的 spec_hash：8b17a43d36d7802d
当前进程 spec_hash：8b17a43d36d7802d
链 = ethereum   决策窗口 = 300s
本模式回看窗口 = 900 区块
==============================================================================

【1】四条链路各自状态分布（分母 = N）
  L1 建池交易发送者             已判完 =    0/2 (0.0%)
                          timeout=2
  L2a 浏览器创建归因            已判完 =    0/2 (0.0%)
                          timeout=2
  L2b 纯RPC创建归因           已判完 =    0/2 (0.0%)
                          ambiguous=2
  L3 首次Mint与LP接收         已判完 =    0/2 (0.0%)
                          timeout=2
  L4 最早观察到的入账            已判完 =    0/2 (0.0%)
                          timeout=2

【2】联合覆盖率 —— 唯一的结论行
  规则需要：pair_created_tx_sender, creation_tx_sender, creator_prior_activity_known
  '已判完'计入可用的状态：['ok', 'no_history']  （历史部署零条仍为未知，不代表没有历史）
  联合可用 = 0/2  (0.0%)

【2b】历史可见性状态分布
  timeout             （不可用）    2/2 (100.0%)

【3】两条创建归因链路的交叉校验（按部署形态分层）
  只比较两条链路都判 ok 的行；工厂路径 L2b 仍为 ambiguous，不能据此确定归因。
  direct   候选    2；可比    0；一致 0 (n/a)
  factory  候选    0；可比    0；一致 0 (n/a)
  unknown  候选    0；可比    0；一致 0 (n/a)

【3c】两路一致性的细分（先比创建交易，再比地址）
  not_comparable          2/2 (100.0%)
  conflict_tx = 两路指向不同的创建交易，这才是真歧义；此时不写 creation_tx_sender。

【3b】creation_tx_sender 的确定性（ambiguous / conflict 不进下游）
  ok                      2/2 (100.0%)

【4】时间（两个不同的量，不要混读）
  单候选处理耗时：中位 0.0s  p90 0.0s  最大 0.0s
  事件→规则必需字段齐备（联合时限看这个）：中位 88771882.2s  p90 88771882.2s  最大 88771882.2s
  事件→L1 返回：中位 88771882.2s  p90 88771882.2s  最大 88771882.2s
  事件→L2 返回：中位 88771882.2s  p90 88771882.2s  最大 88771882.2s
  事件→L3 返回：中位 88771882.2s  p90 88771882.2s  最大 88771882.2s
  事件→L4 返回：中位 88771882.2s  p90 88771882.2s  最大 88771882.2s
  事件→全部链路返回：中位 88771882.2s  p90 88771882.2s  最大 88771882.2s
  超过决策截止 2/2 (100.0%)
  注意：若处理耗时本身就接近截止，这里量到的是脚本速度，不是数据源速度。

【本周能否定什么 / 不能否定什么】
  能否定：在这个冻结的母体、数据源、回看范围与决策截止内，
          【这一版归因规则】覆盖不足或来不及返回。
  不能否定：信息不存在；RT-A 有没有 edge；换数据源后是否可行。
  若 L2b 整条为 api_failure，请回看 capability_report.json 的
  l2b_usable —— 那是数据源限制，不是链上没有信息。

→ /home/ancillary/rightTail/formal_verification/integration/forward_retry/audit_sample.csv（最后两列请手工填）
  重点看：关联是不是只是共用了 router、工厂或交易所热钱包。
[warn] keccak 后端不可用，改用已校验常量（topic0 仍然正确，只是不再运行时计算）。
[warn] 恢复运行时计算需要【两个】包，缺一不可：
[warn]     pip install eth-utils "eth-hash[pycryptodome]"
[warn] 只装 eth-hash 不够 —— 本脚本 import 的是 eth_utils.keccak。
