[
  {
    "removed": "script_sha256",
    "exit": 0,
    "n": 2,
    "validation_passed": true,
    "evidence_chain_problems": []
  },
  {
    "removed": "evidence_module_sha256",
    "exit": 0,
    "n": 2,
    "validation_passed": true,
    "evidence_chain_problems": []
  },
  {
    "removed": "spec_sha256",
    "exit": 0,
    "n": 2,
    "validation_passed": true,
    "evidence_chain_problems": []
  },
  {
    "removed": "sample_sha256",
    "exit": 0,
    "n": 2,
    "validation_passed": true,
    "evidence_chain_problems": []
  },
  {
    "removed": "universe_sha256_now",
    "exit": 0,
    "n": 2,
    "validation_passed": true,
    "evidence_chain_problems": []
  },
  {
    "removed": "finalized_snapshot",
    "exit": 0,
    "n": 2,
    "validation_passed": true,
    "evidence_chain_problems": []
  }
]
