
26 校验四态：接口故障 ≠ 状态不符；未完成 ≠ 通过；各原因各记各的
  [PASS] 入场取代码：注入确实命中  — [('state_validation', 'request', 'eth_getCode', 'transport')]
  [PASS] 入场取代码：state=data_missing（不是 state_validation_failed）  — data_missing
  [FAIL] 入场取代码：validation_status=unavailable、validation_passed=None（不是 True 也不是 False）  — None / True
  [PASS] 入场取代码：退出 1、检查点未标完成、证据完整、经济资格 false  — rc=1 ck=False ev=True
  [FAIL] 入场取代码：验收把它单列为'校验未完成'，不列入'校验不符'  — unavail=None failed=[]
  [PASS] 入场取代码：没有凭空的 persisted  — None
  [PASS] 入场取代码：另一候选不受影响（measured_exit、passed）  — measured_exit / True
  [FAIL] 入场取代码：写明未完成的阶段与 error_kind  — {}
  [FAIL] 入场取代码：证据里的校验记录是 unavailable 且没有 failures  — []
  [PASS] 入场取代码：没买入就没有注入 ⇒ 不做恢复复读、没有成本  — {}
  [PASS] 入场身份调用：注入确实命中  — [('state_validation', 'call', 'eth_call', 'transport')]
  [FAIL] 入场身份调用：state=data_missing（不是 state_validation_failed）  — state_validation_failed
  [FAIL] 入场身份调用：validation_status=unavailable、validation_passed=None（不是 True 也不是 False）  — None / False
  [PASS] 入场身份调用：退出 1、检查点未标完成、证据完整、经济资格 false  — rc=1 ck=False ev=True
  [FAIL] 入场身份调用：验收把它单列为'校验未完成'，不列入'校验不符'  — unavail=None failed=[1]
  [PASS] 入场身份调用：没有凭空的 persisted  — []
  [PASS] 入场身份调用：另一候选不受影响（measured_exit、passed）  — measured_exit / True
  [FAIL] 入场身份调用：写明未完成的阶段与 error_kind  — {}
  [FAIL] 入场身份调用：证据里的校验记录是 unavailable 且没有 failures  — [(None, ['identity_call_failed: controlled TLS EOF'])]
  [FAIL] 入场身份调用：没买入就没有注入 ⇒ 不做恢复复读、没有成本  — {'persisted': [], 'reorged_blocks': [], 'passed': True}
  [PASS] 出场取代码：注入确实命中  — [('state_validation_exit', 'request', 'eth_getCode', 'transport')]
  [FAIL] 出场取代码：state=data_missing（不是 state_validation_failed）  — state_validation_failed
  [FAIL] 出场取代码：validation_status=unavailable、validation_passed=None（不是 True 也不是 False）  — None / False
  [PASS] 出场取代码：退出 1、检查点未标完成、证据完整、经济资格 false  — rc=1 ck=False ev=True
  [FAIL] 出场取代码：验收把它单列为'校验未完成'，不列入'校验不符'  — unavail=None failed=[1]
  [FAIL] 出场取代码：没有凭空的 persisted  — ['WALLET@24356011: code persisted', 'WALLET@24356011: balance persisted', 'CALLER@24356011: code persisted', 'CALLER@24356011: balance persisted']
  [PASS] 出场取代码：另一候选不受影响（measured_exit、passed）  — measured_exit / True
  [FAIL] 出场取代码：写明未完成的阶段与 error_kind  — {}
  [FAIL] 出场取代码：证据里的校验记录是 unavailable 且没有 failures  — [(None, [])]
  [PASS] 出场取代码：已发生的买入保留（stage=0、swap=1），成本部分已知、回款未知  — {'A_wei': 50000000000000000, 'R_wei': None, 'entry_attempts': {'swap': 1, 'approve': 0, 'basis': 'buy always attempts sw
  [FAIL] 出场取代码：恢复只复读实际注入过的入场块，且有原值可比 ⇒ passed  — {'persisted': ['WALLET@24356011: code persisted', 'WALLET@24356011: balance persisted', 'CALLER@24356011: code persisted
  [PASS] 出场身份调用：注入确实命中  — [('state_validation_exit', 'call', 'eth_call', 'transport')]
  [FAIL] 出场身份调用：state=data_missing（不是 state_validation_failed）  — state_validation_failed
  [FAIL] 出场身份调用：validation_status=unavailable、validation_passed=None（不是 True 也不是 False）  — None / False
  [PASS] 出场身份调用：退出 1、检查点未标完成、证据完整、经济资格 false  — rc=1 ck=False ev=True
  [FAIL] 出场身份调用：验收把它单列为'校验未完成'，不列入'校验不符'  — unavail=None failed=[1]
  [PASS] 出场身份调用：没有凭空的 persisted  — []
  [PASS] 出场身份调用：另一候选不受影响（measured_exit、passed）  — measured_exit / True
  [FAIL] 出场身份调用：写明未完成的阶段与 error_kind  — {}
  [FAIL] 出场身份调用：证据里的校验记录是 unavailable 且没有 failures  — [(None, []), (None, ['identity_call_failed: controlled TLS EOF'])]
  [PASS] 出场身份调用：已发生的买入保留（stage=0、swap=1），成本部分已知、回款未知  — {'A_wei': 50000000000000000, 'R_wei': None, 'entry_attempts': {'swap': 1, 'approve': 0, 'basis': 'buy always attempts sw
  [FAIL] 出场身份调用：恢复只复读实际注入过的入场块，且有原值可比 ⇒ passed  — {'persisted': [], 'reorged_blocks': [], 'passed': True}
  [PASS] 恢复复读：注入确实命中  — [('restore_check', 'request', 'eth_getCode', 'transport')]
  [FAIL] 恢复复读：state=data_missing（不是 state_validation_failed）  — state_validation_failed
  [FAIL] 恢复复读：validation_status=unavailable、validation_passed=None（不是 True 也不是 False）  — None / False
  [PASS] 恢复复读：退出 1、检查点未标完成、证据完整、经济资格 false  — rc=1 ck=False ev=True
  [FAIL] 恢复复读：验收把它单列为'校验未完成'，不列入'校验不符'  — unavail=None failed=[1]
  [PASS] 恢复复读：没有凭空的 persisted  — None
  [PASS] 恢复复读：另一候选不受影响（measured_exit、passed）  — measured_exit / True
  [FAIL] 恢复复读：恢复 status=unavailable，data 里写明缺哪一步  — {'error': 'controlled TLS EOF', 'passed': False}
  [PASS] 恢复复读：已完成的买卖与完整成本保留  — {'A_wei': 50000000000000000, 'R_wei': 1000000000000000, 'entry_attempts': {'swap': 1, 'approve': 0, 
  [FAIL] 真实身份不符：state_validation_failed、failed、validation_passed=False  — state_validation_failed / None
  [PASS] 真实身份不符：不符写进 failures，没有 unavailable  — ['pair sides 0x9999999999999999999999999999999999999999,0xcdcdcdcdcdcdcdcdcdcdcdcdcdcdcdcdcdcdcdcd !
  [PASS] 真实身份不符：退出 1、检查点不标完成、证据完整、验收列入 validation_failed  — rc=1
  [PASS] 真实状态变化（注入后钱包出现代码）：注入命中  — [('restore_check', 'request', 'eth_getCode', 'return')]
  [FAIL] 真实状态变化：restore failed、persisted 非空、state_validation_failed  — None ['WALLET@24140011: code persisted'] state_validation_failed
  [PASS] 真实状态变化：已完成买卖的成本仍在
  [PASS] 真实状态变化：退出 1、检查点不标完成、证据完整
  [PASS] 并存（先真实不符、后接口故障）：两条注入都命中  — [('restore_check', 'request', 'eth_getCode', 'return'), ('restore_check', 'request', 'eth_getBalance', 'transport')]
  [FAIL] 并存：不符与未完成**两者都保留**，结论仍为 failed  — None persisted=0 unavail=0
  [FAIL] 并存（入场：钱包已有代码 + 随后取余额断连）：failures 与 unavailable 都在、判 failed  — None f=None u=0
  [PASS] no_mint 对照：退出 0、两候选 no_mint_by_cutoff、检查点标完成  — rc=0 {'no_mint_by_cutoff'}
  [FAIL] no_mint 对照：没做的校验记 not_applicable、validation_passed=True  — None / True
  [FAIL] 校验中预算耗尽：state=budget_exhausted（不是 data_missing）、校验 unavailable  — state_validation_failed / None
  [PASS] 校验中预算耗尽：买入成本保留
  [FAIL] 校验中停机：state=aborted_by_shutdown、校验 unavailable（不是 passed）  — state_validation_failed / None
  [FAIL] 恢复复读拿到畸形区块（解码错误）：state=decode_error，不是 state_validation_failed  — state_validation_failed / {'error': "'hash'", 'passed': False}
  [FAIL] 续跑：校验未完成的候选 1 没被跳过，而是重测  — 首跑=state_validation_failed 跳过=[2]
  [PASS] 续跑：已完成的候选 2 从检查点带出，整体退出 0  — rc=0
  [FAIL] 缺注入前原值：不报 persisted  — ['WALLET@100: code persisted', 'WALLET@100: balance persisted', 'CALLER@100: code persisted', 'CALLE
  [FAIL] 缺注入前原值：逐项记 baseline_missing（2 个地址 × 代码/余额）  — []
  [FAIL] 只有代码原值：代码照常比较，缺的余额只记缺、不报 persisted  — ['WALLET@100: balance persisted', 'CALLER@100: balance persisted'] []
  [FAIL] 接口故障判定：传输/HTTP/协议/无结果算接口故障；回滚、预算、ABI 不算

通过 33 / 失败 40
