1 P0 续跑：结果缺失不得判成功，已完成候选必须交付得出来
  [PASS] 首次跑通  — rc=0 n=2
  [PASS] 续跑仍交付全部候选  — [1, 2]
  [PASS] 带出来的结果有出处标记  — 2 条
  [PASS] 带出来的结果与首跑逐字段一致
  [PASS] 正常续跑退出 0  — 0
  [PASS] carried 记入验收  — [1, 2]
  [PASS] 删掉旧结果后续跑退出非零  — 1
  [PASS] 交付不再是空的  — 2
  [PASS] 证据链缺失被点名  — [{'reason': 'evidence_file_missing', 'path': '/tmp/rta-followup-fix-dg6cy3f6/first.jsonl', 'candidate': 1}, {'reason': '
  [PASS] 证据链问题写明是文件缺失  — [{'reason': 'evidence_file_missing', 'path': '/tmp/rta-followup-fix-dg6cy3f6/fir
  [PASS] validation_passed=False

2 P0 检查点中段损坏必须阻断（尾部半行才是中断的正常后果）
  [PASS] 中段损坏被拒绝复用  — 检查点中段损坏：/tmp/rta-followup-fix-dg6cy3f6/shared.ck 第 [2] 行无法解析 —— 拒绝复用。请核对文件来源，或改用新的检查点重新测量。
  [PASS] 尾部半行被隔离而非阻断
  [PASS] 隔离后已完成记录仍可读  — {1, 2}
  [PASS] 已完成的尝试里内联存有结果  — 检查点未持久化结果，无从校验
  [PASS] 被篡改的结果不算可交付  — [{'candidate': 1, 'reason': 'result_hash_mismatch', 'attempt': 1, 'checkpoint': '9d30543cc889e21b51b975f5c725a
  [PASS] 其余候选不受牵连  — [2]

3 P0 全局预算：启动请求与串行分支都在预算内
  [PASS] 实际请求不超过上限  — 上限 2，实际 2
  [PASS] 超预算时退出非零  — 1
  [PASS] 串行分支同样受同一预算  — 上限 2，实际 2
  [PASS] 串行也产出闸门统计
  [PASS] 实际发出/预留/逻辑三个口径分开报  — ['elapsed_s', 'http_rejected_after_wait', 'http_reserved', 'http_reserved_per_worker', 'http_sent', 'http_sent_per_worker', 'interval_s', 'logical_per_worker', 'logical_requests', 'max_calls', 'note']
  [PASS] 受控链下实际发出为 0（不拿预留或逻辑数冒充实际）  — sent=0 reserved=0 logical=126

4 P1 买入成本：槽位查询抛异常也不得丢失已知买入腿
  [PASS] 退出非零  — 1
  [PASS] 买入腿仍在
  [PASS] 成本表存在
  [PASS] 买入 gas 非零  — {'swap120000_tip0': 120000000000000, 'swap120000_tip100000000': 132000
  [PASS] 回款保持未知
  [PASS] 退出腿标为未尝试
  [PASS] 成本标注为部分

5 P1 样本唯一性：一候选恰好一条结果
  [PASS] 重复候选编号被拒绝测量  — no-output
  [PASS] 拒绝时不产出结果文件
  [PASS] 声明数量与条目数不符被拒  — no-output

6/7 P1 证据完整性：空文件与孤立记录不得判为完整
  [PASS] 空文件不算完整
  [PASS] 空文件被点名  — True
  [PASS] 孤立 rpc_end 不算完整
  [PASS] 孤立 end 被点名  — ["('r', 1, None)"]
  [PASS] 缺运行头被点名  — ['r']
  [PASS] 重复 pending_id 不算完整
  [PASS] 重复 pending_id 被点名  — ["('r', 1, None)", "('r', 1, None)"]
  [PASS] 正常运行仍判完整  — {'empty': False, 'orphan_rpc_end': [], 'duplicate_pending_id': [], 'runs_without_header': []}
  [PASS] 支持排除进行中的运行（否则同文件续跑必误判）  — {'bad_lines': [], 'tail_truncation_only': True, 'ignored_runs': ['24dccba5267c4efe92b4b730

8 P1 Mint 元数据规范性
  [PASS] 规范事件仍然通过  — None
  [PASS] transactionHash='0x' 被拒且理由明确  — tx_hash_shape:2
  [PASS] transactionHash 非十六进制 被拒且理由明确  — tx_hash_shape:66
  [PASS] blockHash='WRONG' 被拒且理由明确  — block_hash_shape:WRONG
  [PASS] logIndex='garbage' 被拒且理由明确  — log_index_unparsable:garbage
  [PASS] logIndex 为负 被拒且理由明确  — log_index_unparsable:-1
  [PASS] sender topic 非十六进制 被拒且理由明确  — sender_topic_not_hex
  [PASS] 审查方原反例事件被拒  — tx_hash_shape:2

9 汇总里的规格标识必须是实际绑定的那一份
  [PASS] 规格不再写死 v1 (draft)  — {'path': 'MEASUREMENT_SPEC.v1.19.md', 'sha256': '4912eb662141fb26686d23828d1b35a93b869a393e1f76e9348832df8e98b15f'}
  [PASS] 规格带路径与 sha256  — {'path': 'MEASUREMENT_SPEC.v1.19.md', 'sha256': '4912eb662141fb26686d23828d1b35a93b869a393e1f76e9348832df8e98b15f'}

10 Etherscan 计数按候选归集（并行下不得串味）
  [PASS] 按候选归集而非全局差值  — {11: 3, 22: 1}
  [PASS] 全局计数仍是总和  — {'etherscan': 4}
  [PASS] 与证据逐条统计一致  — {11: 3, 22: 1}

11 区块缓存命中留有证据（缓存口径可查）
  [PASS] 缓存命中确实产生了记录  — 15 条
  [PASS] 命中记录写明取用双方  — 15 条
  [PASS] 命中记录带块号与块 hash  — 15 条

12 同快照对照的机制：--pin-finalized
  [PASS] 串行确实改用了指定快照（而非默认 finalized）  — {'number': 25899500, 'hash': '0x00000000000000000000000000000000000000000000000000000000018b31ec', 'timestamp': 310794000}
  [PASS] 并行绑到同一个指定快照  — {'number': 25899500, 'hash': '0x00000000000000000000000000000000000000000000000000000000018b31ec', 'timestamp': 310794000}
  [PASS] 与不指定时的默认快照确实不同  — {'number': 25899500, 'hash': '0x00000000000000000000000000000000000000000000000000000000018b31ec', 'timestamp': 310794000} vs {'number': 25900000, 'hash': '0x00000000000000000000000000000000000000000000000000000000018b33e0', 'timestamp': 310800000}
  [PASS] 两次是各自独立的检查点（不是靠跳过凑齐）  — [] / []
  [PASS] 两边都真的测了全部候选
  [PASS] 指定块的 hash 不符即拒绝（重组保护）  — no-output
  [PASS] 格式非法即拒绝  — no-output

13 P0 续跑证据必须绑定到具体运行、候选与结果 hash
  [PASS] 正常续跑仍然通过  — rc=0 []
  [PASS] 正常续跑仍交付全部候选  — 2
  [PASS] 换成另一运行的完整证据被拒  — 1
  [PASS] 理由是 run_id 不在该文件里  — ['evidence_run_id_absent']
  [PASS] validation_passed=False
  [PASS] 候选结果不在证据里被拒  — 1
  [PASS] 理由是缺该候选的 candidate_result  — ['candidate_result_absent_in_evidence', 'evidence_incomplete']
  [PASS] 证据里的结果被改过即拒  — 1
  [PASS] 理由是结果 hash 不符  — ['candidate_result_hash_mismatch']
  [PASS] 运行头绑定不符即拒  — 1
  [PASS] 理由是绑定不符  — ['evidence_binding_mismatch']
  [PASS] 不变量：检查点结果 hash == 证据里 candidate_result 的 hash  — 81035a37d21b88a3… vs 81035a37d21b88a3…
  [PASS] 不变量：检查点里不含未脱敏的凭据串  — 检查点 13573 字节
  [PASS] 运行头缺 script_sha256 即拒  — rc=1 ['evidence_binding_field_missing']
  [PASS] 运行头缺 evidence_module_sha256 即拒  — rc=1 ['evidence_binding_field_missing']
  [PASS] 运行头缺 spec_sha256 即拒  — rc=1 ['evidence_binding_field_missing']
  [PASS] 运行头缺 sample_sha256 即拒  — rc=1 ['evidence_binding_field_missing']
  [PASS] 运行头缺 universe_sha256_now 即拒  — rc=1 ['evidence_binding_field_missing']
  [PASS] 运行头缺 finalized_snapshot 即拒  — rc=1 ['evidence_binding_field_missing']

14 P1 实际 HTTP 次数不得把未发出的请求算进去
  [PASS] 第二次确实被拒
  [PASS] 传输层只被调用一次  — 1
  [PASS] http_sent 等于传输实际次数  — sent=1 传输=1
  [PASS] 未发出的那次记在 rejected_after_wait  — 1
  [PASS] 预留仍为 2（并发安全，不退还）  — 2
  [PASS] 恒等式 reserved == sent + rejected  — {'http_sent': 1, 'http_reserved': 2, 'http_rejected_after_wait': 1, 'max_calls': 10, 'logical_requests': 0, 'http_sent_per_worker': {'None': {'unattri
  [PASS] stats 不再有含混的 http_calls 字段  — ['elapsed_s', 'http_rejected_after_wait', 'http_reserved', 'http_reserved_per_worker', 'http_sent', 'http_sent_per_worker', 'interval_s', 'logical_per_worker', 'logical_requests', 'max_calls', 'note']
  [PASS] 正常情况下 sent == reserved == 实际传输次数  — {'http_sent': 3, 'http_reserved': 3, 'http_rejected_after_wait': 0, 'max_calls': 10, 'logical_requests': 0, 'http_sent_per_worker': {'None': {'unattri

15 P1 诊断失败不得抹掉已到达的卖出阶段
  [PASS] 卖出到达的阶段仍在  — 20
  [PASS] 卖出 swap 记为 1（不是未尝试）  — {'swap': 1, 'approve': 2, 'basis': 'reached swap'}
  [PASS] 卖出 approve 记为 2  — {'swap': 1, 'approve': 2, 'basis': 'reached swap'}
  [PASS] basis 不再写成未尝试  — reached swap
  [PASS] 诊断成功与诊断失败的卖出计次一致  — {'swap': 1, 'approve': 2, 'basis': 'reached swap'} vs {'swap': 1, 'approve': 2, 'basis': 'reached swap'}
  [PASS] 诊断调用本身不计为交易尝试（诊断成功时也只有 1 次 swap）  — {'swap': 1, 'approve': 2, 'basis': 'reached swap'}
  [PASS] 成本包含卖出腿（大于只算买入腿）  — 440000000000000

16 资源上限与停机策略
  [PASS] VmHWM 抓得到采样会漏掉的尖峰  — 之前 38312 → 峰值 103848 KB
  [PASS] 尖峰过后当前值回落、峰值不回落  — 当前 38316 < 峰值 103848
  [PASS] 峰值来源标注为内核高水位  — kernel VmHWM (measured high-water mark, not a sample)
  [PASS] 不设限额时退出 0 且未停机  — rc=0 shutdown={'stopped': False}
  [PASS] 无论是否停机都报告资源  — {'limits': {'hard_requested': False, 'hard_problems': [], 'soft_thresholds': {'m
  [PASS] RSS 越线退出码为 3（不是 0 也不是 1）  — 3
  [PASS] RSS 越线原因明确  — rss_limit_exceeded
  [PASS] RSS 越线不得判为完成  — set=False proc=False
  [PASS] RSS 越线时未开工的候选逐个记名（不是静默缺失）  — 未开工=[{'index': 1, 'reason': 'rss_limit_exceeded'}, {'index': 2, 'reason': 'rss_limit_exceeded'}] 缺失=[]
  [PASS] CPU 越线退出码为 3（不是 0 也不是 1）  — 3
  [PASS] CPU 越线原因明确  — cpu_limit_exceeded
  [PASS] CPU 越线不得判为完成  — set=False proc=False
  [PASS] CPU 越线时未开工的候选逐个记名（不是静默缺失）  — 未开工=[{'index': 1, 'reason': 'cpu_limit_exceeded'}, {'index': 2, 'reason': 'cpu_limit_exceeded'}] 缺失=[]
  [PASS] 墙钟 越线退出码为 3（不是 0 也不是 1）  — 3
  [PASS] 墙钟 越线原因明确  — wall_limit_exceeded
  [PASS] 墙钟 越线不得判为完成  — set=False proc=False
  [PASS] 墙钟 越线时未开工的候选逐个记名（不是静默缺失）  — 未开工=[{'index': 1, 'reason': 'wall_limit_exceeded'}, {'index': 2, 'reason': 'wall_limit_exceeded'}] 缺失=[]
  [PASS] 中途停机：先做完的那条保住  — {1: 'measured_exit', 2: 'aborted_by_shutdown'}
  [PASS] 中途停机：进行中的那条记为 aborted_by_shutdown  — {1: 'measured_exit', 2: 'aborted_by_shutdown'}
  [PASS] 中止的候选算未完成，阻断验收  — rc=3 incomplete=[2]
  [PASS] 检查点里：完成的标完成、中止的不标完成  — {1: True, 2: False}
  [PASS] 停机那次退出 3  — 3
  [PASS] 放宽限额后续跑补齐并退出 0  — rc=0 [1, 2]
  [PASS] SIGTERM 触发有序停机而不是杀进程  — 3
  [PASS] 停机原因记为 signal  — signal
  [PASS] 记下是哪个信号  — SIGTERM
  [PASS] 信号由被测实现接管（而非落到测试兜底处理器）  — 兜底处理器收到 []
  [PASS] 停机后证据仍然结构完整（有序收尾，不是被打死）  — {'bad_lines': [], 'unmatched_rpc_begin': [], 'runs_without_footer': []}
  [PASS] 治理器报告落进证据
  [PASS] 看门狗巡检次数 > 0（不是装了不跑）  — 191
  [PASS] 限额与实测一起报告  — {'hard_requested': False, 'hard_problems': [], 'soft_thresholds': {'max_rss_kb': None, 'max_cpu_s': None, 'max_wall_s': 

17 新增 CLI 选项不得让程序化调用者崩掉
  [PASS] OPTIONAL_DEFAULTS 与 argparse 默认值一致  — {}
  [PASS] 登记表里没有 argparse 不认识的名字  — []
  [PASS] opt() 拒绝未登记的名字
  [PASS] 最小 Namespace 不会 AttributeError  — None
  [PASS] 最小 Namespace 能跑出结果  — 0

18 软阈值 vs 硬兜底、有界停机、统一清理
  [PASS] 限额分为软阈值与硬兜底两块  — ['hard_backstop', 'hard_problems', 'hard_requested', 'soft_thresholds', 'stop_grace']
  [PASS] 软阈值自陈是协作式、不阻止继续分配  — cooperative soft thresholds: set a stop flag; they do NOT prevent furt
  [PASS] 硬兜底自陈是内核强制、与进程内检查无关  — kernel-enforced RLIMIT; independent of any in-process check
  [PASS] 软阈值确实拦不住分配（所以不能叫硬上限）
  [PASS] 停机宽限作为上界被单列  — {'grace_calls': 16, 'grace_seconds': 15.0, 'kind': 'upper bound on work after a stop is requested'}
  [PASS] RLIMIT_AS 由内核强制（进程内从未检查也会被拦）  — rc=0 MEMORY_ERROR

  [PASS] RLIMIT_CPU 软限触发可捕获的 SIGXCPU（可转有序停机）  — rc=0 HARD_S=6
SIGXCPU

  [PASS] RLIMIT_CPU 设了更高的硬限作为最后兜底（SIGKILL）  — 6
  [PASS] 槽位扫描中停机：进行中的候选记 aborted_by_shutdown（不是 measured_exit）  — {1: 'aborted_by_shutdown'}
  [PASS] 检查点不把它标为完成  — {1: False}
  [PASS] 已开工的候选不得被记成「未开工」  — [{'index': 2, 'reason': 'signal'}]
  [PASS] 停机后的请求次数不超过收尾预算  — 信号后 5 次，预算 16
  [PASS] 收尾窗口内的逻辑请求数在预算内  — 5
  [PASS] 实际 HTTP 与逻辑请求在收尾窗口里分开报  — ['winddown_http_requests', 'winddown_logical_requests']
  [PASS] 报告给出实测停机耗时（不是靠巡检频率推断）  — 0.107
  [PASS] 有界停机后证据仍然完整  — {'bad_lines': [], 'unmatched_rpc_begin': []}
  [PASS] 窗口外的请求被拒
  [PASS] 窗口内逻辑请求预算耗尽后被拒
  [PASS] 窗口内实际 HTTP 预算耗尽后被拒
  [PASS] 窗口内超时也被拒
  [PASS] 未停机时闸门不拦
  [PASS] 链身份不符仍返回 2（不伪装成有序停机）  — rc=2 err=None
  [PASS] 提前返回后信号处理器已还原
  [PASS] 提前返回后 HTTP 闸门已摘除
  [PASS] 提前返回后看门狗线程已退出  — ['MainThread', 'Thread-19', 'Thread-20', 'Thread-23', 'Thread-24', 'Thread-25', 'Thread-26']

19 硬限安装失败、真实 HTTP 全路径停机、初始化清理
  [PASS] 停机后底层重试不再发出（只发生 1 次真实 HTTP）  — 实际 1 次
  [PASS] 拦截发生在 HTTP 层而不是逻辑层  — Shutdown:http
  [PASS] 收尾期限传到了传输层的 timeout  — timeout=[0.014103402001201176]
  [PASS] 实际耗时不超过收尾窗口  — 0.013s
  [PASS] 未停机时 timeout 不被改动  — [20]
  [PASS] 硬兜底安装被拒 ⇒ 拒绝测量（不得 exit 0）  — ('no-output', None)
  [PASS] 被拒时不产出结果文件
  [PASS] 安装失败被列为问题而不是角落里的 error  — [{'limit': 'RLIMIT_AS', 'reason': 'denied', 'detail': {'error': 'denied', 'verified': False}}]
  [PASS] resource 模块不可用同样算问题  — [{'limit': '*', 'reason': 'resource module unavailable'}]
  [PASS] 没请求硬兜底就不算问题  — []
  [PASS] 装得上时读回核验通过、无问题  — {"verified": true, "problems": []} 
  [PASS] 未请求硬兜底时报告如实标注  — hard_requested=False hard_problems=[]
  [PASS] RPC 构造失败如实抛给调用方  — injected ctor failure
  [PASS] 构造失败后 HTTP 闸门未残留
  [PASS] 构造失败后信号处理器已还原
  [PASS] 构造失败后没有遗留看门狗线程  — ['MainThread', 'Thread-19', 'Thread-20', 'Thread-23', 'Thread-24', 'Thread-25', 'Thread-26', 'Thread-28', 'Thread-30']

20 绝对墙钟截止：socket timeout 不是完成期限
  [PASS] stop_before_request：分段间隔确实小于 socket timeout（否则测的不是这个问题）  — 最大段间隔 0.0352s
  [PASS] stop_before_request：超过绝对期限即中止，不再返回成功结果  — Shutdown:wall_deadline_exceeded
停机后仍有 1 个在途请求关不掉，强制退出（退出码 3）。证据保留到已 fsync 的前缀。
  [PASS] stop_before_request：实际耗时被期限收住（≤ 0.15s + 0.15s 余量）  — 0.159s（期限 0.15s）
  [PASS] stop_before_request：报告记下到点强制关闭  — 1
  [PASS] stop_during_request：分段间隔确实小于 socket timeout（否则测的不是这个问题）  — 最大段间隔 0.0353s
  [PASS] stop_during_request：超过绝对期限即中止，不再返回成功结果  — Shutdown:wall_deadline_exceeded
  [PASS] stop_during_request：实际耗时被期限收住（≤ 0.15s + 0.15s 余量）  — 0.166s（期限 0.15s）
  [PASS] stop_during_request：报告记下到点强制关闭  — 1
  [PASS] 未停机时慢分段响应正常完成（期限不误伤）  — 0x1
  [PASS] 未停机时没有强制关闭  — 0
  [PASS] 报告写明期限口径不是 socket timeout  — absolute wall-clock deadline on the whole response (socket t
  [PASS] 停机发生在请求开始之后，仍会到点强制关闭  — [1]
  [PASS] 已过期时登记的在途请求立刻被关闭  — [1]
  [PASS] 关不掉的在途请求会触发升级并强制退出  — rc=3 ESCALATED 1
  [PASS] 在途请求正常结束时不会误升级  — rc=0 NO_ESCALATION

21 整个请求生命周期的期限 + 无条件的最终终止
  [PASS] stop_before_headers：收响应头期间就已登记在途（不是等 urlopen 返回才登记）  — 登记数 1
  [PASS] stop_before_headers：超期即中止  — Shutdown:wall_deadline_exceeded
  [PASS] stop_before_headers：实际耗时被期限收住（≤ 0.15s + 0.15s 余量）  — 0.159s（期限 0.15s）
  [PASS] stop_during_headers：收响应头期间就已登记在途（不是等 urlopen 返回才登记）  — 登记数 1
  [PASS] stop_during_headers：超期即中止  — Shutdown:wall_deadline_exceeded
  [PASS] stop_during_headers：实际耗时被期限收住（≤ 0.15s + 0.15s 余量）  — 0.166s（期限 0.15s）
  [PASS] 未停机时慢响应头正常完成（期限不误伤）  — 0x1
  [PASS] 拿到 measure 建的真实升级回调
  [PASS] 能定位回调所用的 EvidenceLog
  [PASS] 写锁被占用时回调仍然返回（不等锁）  — 0.001s
  [PASS] 写锁被占用时仍尝试退出（退出码 3）  — [3]
  [PASS] 回调耗时可忽略（不是等锁等出来的）  — 0.001s
  [PASS] 退出前的最后记录写到独立 fd（绕开日志锁）  — 存在=True
  [PASS] 回调卡死时无条件定时器仍强制退出  — rc=3 CB_ENTERED
[governor] forced exit: escalation deadline

22 请求登记的归属、兜底保留、以及真正无条件的退出
  [PASS] 超期后请求被中止  — Shutdown:wall_deadline_exceeded
  [PASS] 调用方放弃时不留后台工作线程  — ['Thread-50', 'Thread-52']
  [PASS] 放弃当时登记项就已交还（不等后台结束）  — 0
  [PASS] 后台迟到完成之后也没有陈旧登记  — 0
  [PASS] 未停机时正常返回  — 0x1
  [PASS] 正常完成后登记项归零  — 0
  [PASS] 有在途时保留升级定时器（兜底不被提前撤销）  — <Timer(Thread-55, started daemon 138712302200512)>
  [PASS] 报告暴露在途数量  — 1
  [PASS] 报告暴露兜底是否武装  — ['absolute_deadline_closures', 'backstop_armed', 'deadline_basis', 'escalations', 'final', 'limits']
  [PASS] 无在途时正常撤销升级定时器
  [PASS] stderr 写满时最终退出仍然发生（退出码 3）  — rc=3 

23 连接全过程（DNS / TCP / TLS）的停机监督
  [PASS] 能生成本机测试证书（缺 openssl 则 HTTPS 场景无法验证，判失败而非跳过）  — openssl=True
  [PASS] TLS 握手中停机：握手期间已登记在途  — 1
  [PASS] TLS 握手中停机：被期限收住（≤ 0.30s）且归因到握手阶段  — Shutdown:wall_deadline_exceeded(tls_handshake) 0.159s
  [PASS] TCP 建连中停机：被期限收住（socket timeout 3s 不再是上界）  — Shutdown:wall_deadline_exceeded(tcp_connect) 0.163s
  [PASS] 真实 TLS 下的慢响应体被期限收住  — Shutdown:wall_deadline_exceeded(response) 0.16s
  [PASS] 未停机时 HTTPS（校验开启）正常返回  — 0x1
  [PASS] 未停机完成后没有残留登记  — 0
  [PASS] 不信任测试证书时校验照样失败（没有削弱正常 HTTPS 校验）  — REJECTED RpcFailure: <urlopen error [SSL: CERTIFICATE_VERIFY_FAILED] 
  [PASS] DNS 阶段已登记在途（升级机制看得见它）  — 1
  [PASS] DNS 卡死时由升级兜底强制退出（退出码 3）  — rc=3 未退出=False

25 启动阶段端点瞬时不可达：干净地拒绝，而不是崩溃
  [PASS] chain_id 步端点不可达：不抛未捕获异常  — None
  [PASS] chain_id 步端点不可达：返回 2（前置条件不成立）  — 2
  [PASS] chain_id 步端点不可达：留下 abort 证据且理由明确  — [('endpoint_unreachable', 'chain_id')]
  [PASS] chain_id 步端点不可达：证据里没有凭据明文
  [PASS] chain_id 步端点不可达：闸门与信号处理器已撤销
  [PASS] snapshot 步端点不可达：不抛未捕获异常  — None
  [PASS] snapshot 步端点不可达：返回 2（前置条件不成立）  — 2
  [PASS] snapshot 步端点不可达：留下 abort 证据且理由明确  — [('endpoint_unreachable', 'snapshot')]
  [PASS] snapshot 步端点不可达：证据里没有凭据明文
  [PASS] snapshot 步端点不可达：闸门与信号处理器已撤销

26 校验四态：接口故障 ≠ 状态不符；未完成 ≠ 通过；各原因各记各的
  [PASS] 入场取代码：注入确实命中  — [('state_validation', 'request', 'eth_getCode', 'transport')]
  [PASS] 入场取代码：state=data_missing（不是 state_validation_failed）  — data_missing
  [PASS] 入场取代码：validation_status=unavailable、validation_passed=None（不是 True 也不是 False）  — unavailable / None
  [PASS] 入场取代码：退出 1、检查点未标完成、证据完整、经济资格 false  — rc=1 ck=False ev=True
  [PASS] 入场取代码：验收把它单列为'校验未完成'，不列入'校验不符'  — unavail=[1] failed=[]
  [PASS] 入场取代码：没有凭空的 persisted  — None
  [PASS] 入场取代码：另一候选不受影响（measured_exit、passed）  — measured_exit / True
  [PASS] 入场取代码：写明未完成的阶段与 error_kind  — {'stage': 'state_validation', 'items': [{'step': 'wallet_clean:WALLET@24140011:code', 'error_kind': 'transport', 'detail
  [PASS] 入场取代码：证据里的校验记录是 unavailable 且没有 failures  — [('unavailable', [])]
  [PASS] 入场取代码：没买入就没有注入 ⇒ 不做恢复复读、没有成本  — {}
  [PASS] 入场身份调用：注入确实命中  — [('state_validation', 'call', 'eth_call', 'transport')]
  [PASS] 入场身份调用：state=data_missing（不是 state_validation_failed）  — data_missing
  [PASS] 入场身份调用：validation_status=unavailable、validation_passed=None（不是 True 也不是 False）  — unavailable / None
  [PASS] 入场身份调用：退出 1、检查点未标完成、证据完整、经济资格 false  — rc=1 ck=False ev=True
  [PASS] 入场身份调用：验收把它单列为'校验未完成'，不列入'校验不符'  — unavail=[1] failed=[]
  [PASS] 入场身份调用：没有凭空的 persisted  — None
  [PASS] 入场身份调用：另一候选不受影响（measured_exit、passed）  — measured_exit / True
  [PASS] 入场身份调用：写明未完成的阶段与 error_kind  — {'stage': 'state_validation', 'items': [{'step': 'identity_calls', 'error_kind': 'transport', 'detail': 'controlled TLS 
  [PASS] 入场身份调用：证据里的校验记录是 unavailable 且没有 failures  — [('unavailable', [])]
  [PASS] 入场身份调用：没买入就没有注入 ⇒ 不做恢复复读、没有成本  — {}
  [PASS] 出场取代码：注入确实命中  — [('state_validation_exit', 'request', 'eth_getCode', 'transport')]
  [PASS] 出场取代码：state=data_missing（不是 state_validation_failed）  — data_missing
  [PASS] 出场取代码：validation_status=unavailable、validation_passed=None（不是 True 也不是 False）  — unavailable / None
  [PASS] 出场取代码：退出 1、检查点未标完成、证据完整、经济资格 false  — rc=1 ck=False ev=True
  [PASS] 出场取代码：验收把它单列为'校验未完成'，不列入'校验不符'  — unavail=[1] failed=[]
  [PASS] 出场取代码：没有凭空的 persisted  — []
  [PASS] 出场取代码：另一候选不受影响（measured_exit、passed）  — measured_exit / True
  [PASS] 出场取代码：写明未完成的阶段与 error_kind  — {'stage': 'state_validation_exit', 'items': [{'step': 'wallet_clean:WALLET@24356011:code', 'error_kind': 'transport', 'd
  [PASS] 出场取代码：证据里的校验记录是 unavailable 且没有 failures  — [('passed', []), ('unavailable', [])]
  [PASS] 出场取代码：已发生的买入保留（stage=0、swap=1），成本部分已知、回款未知  — {'A_wei': 50000000000000000, 'R_wei': None, 'entry_attempts': {'swap': 1, 'approve': 0, 'basis': 'buy always attempts sw
  [PASS] 出场取代码：恢复只复读实际注入过的入场块，且有原值可比 ⇒ passed  — {'status': 'passed', 'passed': True, 'failures': [], 'unavailable': [], 'persisted': [], 'reorged_blocks': []}
  [PASS] 出场身份调用：注入确实命中  — [('state_validation_exit', 'call', 'eth_call', 'transport')]
  [PASS] 出场身份调用：state=data_missing（不是 state_validation_failed）  — data_missing
  [PASS] 出场身份调用：validation_status=unavailable、validation_passed=None（不是 True 也不是 False）  — unavailable / None
  [PASS] 出场身份调用：退出 1、检查点未标完成、证据完整、经济资格 false  — rc=1 ck=False ev=True
  [PASS] 出场身份调用：验收把它单列为'校验未完成'，不列入'校验不符'  — unavail=[1] failed=[]
  [PASS] 出场身份调用：没有凭空的 persisted  — []
  [PASS] 出场身份调用：另一候选不受影响（measured_exit、passed）  — measured_exit / True
  [PASS] 出场身份调用：写明未完成的阶段与 error_kind  — {'stage': 'state_validation_exit', 'items': [{'step': 'identity_calls', 'error_kind': 'transport', 'detail': 'controlled
  [PASS] 出场身份调用：证据里的校验记录是 unavailable 且没有 failures  — [('passed', []), ('unavailable', [])]
  [PASS] 出场身份调用：已发生的买入保留（stage=0、swap=1），成本部分已知、回款未知  — {'A_wei': 50000000000000000, 'R_wei': None, 'entry_attempts': {'swap': 1, 'approve': 0, 'basis': 'buy always attempts sw
  [PASS] 出场身份调用：恢复只复读实际注入过的入场块，且有原值可比 ⇒ passed  — {'status': 'passed', 'passed': True, 'failures': [], 'unavailable': [], 'persisted': [], 'reorged_blocks': []}
  [PASS] 恢复复读：注入确实命中  — [('restore_check', 'request', 'eth_getCode', 'transport')]
  [PASS] 恢复复读：state=data_missing（不是 state_validation_failed）  — data_missing
  [PASS] 恢复复读：validation_status=unavailable、validation_passed=None（不是 True 也不是 False）  — unavailable / None
  [PASS] 恢复复读：退出 1、检查点未标完成、证据完整、经济资格 false  — rc=1 ck=False ev=True
  [PASS] 恢复复读：验收把它单列为'校验未完成'，不列入'校验不符'  — unavail=[1] failed=[]
  [PASS] 恢复复读：没有凭空的 persisted  — []
  [PASS] 恢复复读：另一候选不受影响（measured_exit、passed）  — measured_exit / True
  [PASS] 恢复复读：恢复 status=unavailable，data 里写明缺哪一步  — {'status': 'unavailable', 'passed': None, 'failures': [], 'unavailable': [{'step': 'restore:WALLET@24140011:code', 'erro
  [PASS] 恢复复读：已完成的买卖与完整成本保留  — {'A_wei': 50000000000000000, 'R_wei': 1000000000000000, 'entry_attempts': {'swap': 1, 'approve': 0, 
  [PASS] 真实身份不符：state_validation_failed、failed、validation_passed=False  — state_validation_failed / failed
  [PASS] 真实身份不符：不符写进 failures，没有 unavailable  — ['pair sides 0x9999999999999999999999999999999999999999,0xcdcdcdcdcdcdcdcdcdcdcdcdcdcdcdcdcdcdcdcd !
  [PASS] 真实身份不符：退出 1、检查点不标完成、证据完整、验收列入 validation_failed  — rc=1
  [PASS] 真实状态变化（注入后钱包出现代码）：注入命中  — [('restore_check', 'request', 'eth_getCode', 'return')]
  [PASS] 真实状态变化：restore failed、persisted 非空、state_validation_failed  — failed ['WALLET@24140011: code persisted'] state_validation_failed
  [PASS] 真实状态变化：已完成买卖的成本仍在
  [PASS] 真实状态变化：退出 1、检查点不标完成、证据完整
  [PASS] 并存（先真实不符、后接口故障）：两条注入都命中  — [('restore_check', 'request', 'eth_getCode', 'return'), ('restore_check', 'request', 'eth_getBalance', 'transport')]
  [PASS] 并存：不符与未完成**两者都保留**，结论仍为 failed  — failed persisted=1 unavail=1
  [PASS] 并存（入场：钱包已有代码 + 随后取余额断连）：failures 与 unavailable 都在、判 failed  — failed f=['WALLET@24140011: virtual address already has code'] u=1
  [PASS] no_mint 对照：退出 0、两候选 no_mint_by_cutoff、检查点标完成  — rc=0 {'no_mint_by_cutoff'}
  [PASS] no_mint 对照：没做的校验记 not_applicable、validation_passed=True  — not_applicable / True
  [PASS] 校验中预算耗尽：state=budget_exhausted（不是 data_missing）、校验 unavailable  — budget_exhausted / unavailable
  [PASS] 校验中预算耗尽：买入成本保留
  [PASS] 校验中停机：state=aborted_by_shutdown、校验 unavailable（不是 passed）  — aborted_by_shutdown / unavailable
  [PASS] 恢复复读拿到畸形区块（解码错误）：state=decode_error，不是 state_validation_failed  — decode_error / {'status': 'unavailable', 'passed': None, 'failures': [], 'unavailable': [{'step': 'restore_check', 'erro
  [PASS] 续跑：校验未完成的候选 1 没被跳过，而是重测  — 首跑=data_missing 跳过=[2]
  [PASS] 续跑：已完成的候选 2 从检查点带出，整体退出 0  — rc=0
  [PASS] 缺注入前原值：不报 persisted  — []
  [PASS] 缺注入前原值：逐项记 baseline_missing（2 个地址 × 代码/余额）  — [{'step': 'restore:WALLET@100:code', 'error_kind': 'baseline_missing', 'detail': 'no pre-injection v
  [PASS] 只有代码原值：代码照常比较，缺的余额只记缺、不报 persisted  — [] [{'step': 'restore:WALLET@100:balance', 'error_kind': 'baseline_missing', 'detail': 'no pre-injection value recorded;
  [PASS] 接口故障判定：传输/HTTP/协议/无结果算接口故障；回滚、预算、ABI 不算

27 已证不符 + 后续中断：不符与中断原因都保留，不折成'未知'
  [PASS] 两侧不符后 getPair 断连：两条注入依次命中  — [('state_validation', 'eth_call', 'token0()', 'return'), ('state_validation', 'eth_call', 'getPair(address,address)', 'transport')]
  [PASS] 两侧不符后 getPair 断连：已证不符保留在 failures  — ['pair sides 0x9999999999999999999999999999999999999999,0xcdcdcdcdcdcdcdcdcdcdcdcdcdcdcdcdcdcdcdcd != WETH+0xcdcdcdcdcdc
  [PASS] 两侧不符后 getPair 断连：后续中断记为 unavailable（transport）  — [('identity_calls', 'transport')]
  [PASS] 两侧不符后 getPair 断连：结论 failed / state_validation_failed / validation_passed=False  — failed state_validation_failed failed
  [PASS] 两侧不符后 getPair 断连：中断原因另记（prior_state=None），原有 data 不丢  — None
  [PASS] 两侧不符后 getPair 断连：验收列入 validation_failed、不列 unavailable；退出 1；检查点未完成；证据完整  — failed=[1] unav=[] rc=1 ck=False ev=True
  [PASS] 两侧不符后 getPair 断连：证据里的校验摘要也带着不符  — [('failed', ['pair sides 0x9999999999999999999999999999999999999999,0xcdcdcdcdcdcdcdcdcdcdcdcdcdcdcdcdcdcdcdcd != WETH+0xcdcdcdcdcdcdcdcdcdc
  [PASS] 两侧不符后 getPair 断连：另一候选不受影响
  [PASS] 两侧不符后 getPair 预算耗尽（闸门）：两条注入依次命中  — [('state_validation', 'eth_call', 'token0()', 'return'), ('state_validation', 'eth_call', 'getPair(address,address)', 'gate_budget')]
  [PASS] 两侧不符后 getPair 预算耗尽（闸门）：已证不符保留在 failures  — ['pair sides 0x9999999999999999999999999999999999999999,0xcdcdcdcdcdcdcdcdcdcdcdcdcdcdcdcdcdcdcdcd != WETH+0xcdcdcdcdcdc
  [PASS] 两侧不符后 getPair 预算耗尽（闸门）：后续中断记为 unavailable（budget）  — [('identity_calls', 'budget')]
  [PASS] 两侧不符后 getPair 预算耗尽（闸门）：结论 failed / state_validation_failed / validation_passed=False  — failed state_validation_failed failed
  [PASS] 两侧不符后 getPair 预算耗尽（闸门）：中断原因另记（prior_state=budget_exhausted），原有 data 不丢  — {'budget': 'controlled shared budget exhausted', 'interrupted_after_mismatch': {'prior_state': 'budget_exhausted', 'mismatch_in': ['state_validation']}}
  [PASS] 两侧不符后 getPair 预算耗尽（闸门）：验收列入 validation_failed、不列 unavailable；退出 1；检查点未完成；证据完整  — failed=[1] unav=[] rc=1 ck=False ev=True
  [PASS] 两侧不符后 getPair 预算耗尽（闸门）：证据里的校验摘要也带着不符  — [('failed', ['pair sides 0x9999999999999999999999999999999999999999,0xcdcdcdcdcdcdcdcdcdcdcdcdcdcdcdcdcdcdcdcd != WETH+0xcdcdcdcdcdcdcdcdcdc
  [PASS] 两侧不符后 getPair 预算耗尽（闸门）：另一候选不受影响
  [PASS] 恢复复读钱包代码已变后读余额预算耗尽（RpcFailure budget）：两条注入依次命中  — [('restore_check', 'eth_getCode', None, 'return'), ('restore_check', 'eth_getBalance', None, 'budget')]
  [PASS] 恢复复读钱包代码已变后读余额预算耗尽（RpcFailure budget）：已证不符保留在 failures  — ['WALLET@24140011: code persisted']
  [PASS] 恢复复读钱包代码已变后读余额预算耗尽（RpcFailure budget）：后续中断记为 unavailable（budget）  — [('restore:WALLET@24140011:balance', 'budget')]
  [PASS] 恢复复读钱包代码已变后读余额预算耗尽（RpcFailure budget）：结论 failed / state_validation_failed / validation_passed=False  — failed state_validation_failed failed
  [PASS] 恢复复读钱包代码已变后读余额预算耗尽（RpcFailure budget）：中断原因另记（prior_state=budget_exhausted），原有 data 不丢  — {'interrupted_after_mismatch': {'prior_state': 'budget_exhausted', 'mismatch_in': ['restore_check']}}
  [PASS] 恢复复读钱包代码已变后读余额预算耗尽（RpcFailure budget）：验收列入 validation_failed、不列 unavailable；退出 1；检查点未完成；证据完整  — failed=[1] unav=[] rc=1 ck=False ev=True
  [PASS] 恢复复读钱包代码已变后读余额预算耗尽（RpcFailure budget）：证据里的校验摘要也带着不符  — [(False, ['WALLET@24140011: code persisted'])]
  [PASS] 恢复复读钱包代码已变后读余额预算耗尽（RpcFailure budget）：另一候选不受影响
  [PASS] 恢复复读钱包代码已变后预算耗尽（闸门）：两条注入依次命中  — [('restore_check', 'eth_getCode', None, 'return'), ('restore_check', 'eth_getBalance', None, 'gate_budget')]
  [PASS] 恢复复读钱包代码已变后预算耗尽（闸门）：已证不符保留在 failures  — ['WALLET@24140011: code persisted']
  [PASS] 恢复复读钱包代码已变后预算耗尽（闸门）：后续中断记为 unavailable（budget）  — [('restore:WALLET@24140011:balance', 'budget')]
  [PASS] 恢复复读钱包代码已变后预算耗尽（闸门）：结论 failed / state_validation_failed / validation_passed=False  — failed state_validation_failed failed
  [PASS] 恢复复读钱包代码已变后预算耗尽（闸门）：中断原因另记（prior_state=budget_exhausted），原有 data 不丢  — {'interrupted_after_mismatch': {'prior_state': 'budget_exhausted', 'mismatch_in': ['restore_check']}}
  [PASS] 恢复复读钱包代码已变后预算耗尽（闸门）：验收列入 validation_failed、不列 unavailable；退出 1；检查点未完成；证据完整  — failed=[1] unav=[] rc=1 ck=False ev=True
  [PASS] 恢复复读钱包代码已变后预算耗尽（闸门）：证据里的校验摘要也带着不符  — [(False, ['WALLET@24140011: code persisted'])]
  [PASS] 恢复复读钱包代码已变后预算耗尽（闸门）：另一候选不受影响
  [PASS] 入场钱包已有代码后读余额预算耗尽：两条注入依次命中  — [('state_validation', 'eth_getCode', None, 'return'), ('state_validation', 'eth_getBalance', None, 'budget')]
  [PASS] 入场钱包已有代码后读余额预算耗尽：已证不符保留在 failures  — ['WALLET@24140011: virtual address already has code']
  [PASS] 入场钱包已有代码后读余额预算耗尽：后续中断记为 unavailable（budget）  — [('wallet_clean:WALLET@24140011:balance', 'budget')]
  [PASS] 入场钱包已有代码后读余额预算耗尽：结论 failed / state_validation_failed / validation_passed=False  — failed state_validation_failed failed
  [PASS] 入场钱包已有代码后读余额预算耗尽：中断原因另记（prior_state=budget_exhausted），原有 data 不丢  — {'budget': 'controlled budget stop', 'interrupted_after_mismatch': {'prior_state': 'budget_exhausted', 'mismatch_in': ['state_validation']}}
  [PASS] 入场钱包已有代码后读余额预算耗尽：验收列入 validation_failed、不列 unavailable；退出 1；检查点未完成；证据完整  — failed=[1] unav=[] rc=1 ck=False ev=True
  [PASS] 入场钱包已有代码后读余额预算耗尽：证据里的校验摘要也带着不符  — [('failed', ['WALLET@24140011: virtual address already has code'])]
  [PASS] 入场钱包已有代码后读余额预算耗尽：另一候选不受影响
  [PASS] 出场钱包已有代码后停机：两条注入依次命中  — [('state_validation_exit', 'eth_getCode', None, 'return'), ('state_validation_exit', 'eth_getBalance', None, 'shutdown')]
  [PASS] 出场钱包已有代码后停机：已证不符保留在 failures  — ['WALLET@24356011: virtual address already has code']
  [PASS] 出场钱包已有代码后停机：后续中断记为 unavailable（shutdown）  — [('wallet_clean:WALLET@24356011:balance', 'shutdown')]
  [PASS] 出场钱包已有代码后停机：结论 failed / state_validation_failed / validation_passed=False  — failed state_validation_failed failed
  [PASS] 出场钱包已有代码后停机：中断原因另记（prior_state=aborted_by_shutdown），原有 data 不丢  — {'shutdown': 'controlled_stop', 'detail': {'where': 'state_validation_exit'}, 'interrupted_after_mismatch': {'prior_state': 'aborted_by_shutdown', 'mismatch_in'
  [PASS] 出场钱包已有代码后停机：验收列入 validation_failed、不列 unavailable；退出 1；检查点未完成；证据完整  — failed=[1] unav=[] rc=1 ck=False ev=True
  [PASS] 出场钱包已有代码后停机：证据里的校验摘要也带着不符  — [('passed', []), ('failed', ['WALLET@24356011: virtual address already has code'])]
  [PASS] 出场钱包已有代码后停机：另一候选不受影响
  [PASS] 对照：恢复复读无不符、只预算耗尽 ⇒ budget_exhausted / unavailable，failures 为空  — budget_exhausted unavailable
  [PASS] 对照：两侧正确、只 getPair 断连 ⇒ data_missing / unavailable，closure 保留已取得的两侧  — data_missing {'token0': '0xc02aaa39b223fe8d0a0e5c4f27ead9083c756cc2', 'token1': '0xcdcdcdcdcdcdcdcdcdcdcdcdcdcdcdcdcdcdcdcd'}

28 续跑与比较器共用同一套完整绑定核验
  [PASS] 无改动正对照：首跑退出 0、改动后原证据结构仍完整  — rc=0 ev=True
  [FAIL] 无改动正对照：续跑退出 0、跳过 [1,2]、证据链无问题、处置 none  — rc=0 skipped=[1, 2] probs=[]
  [PASS] 无改动正对照：比较器同样通过（退出 0）  — rc=0 []
  [PASS] run_binding.runtime_params.slot_limit 2→999：首跑退出 0、改动后原证据结构仍完整  — rc=0 ev=True
  [FAIL] run_binding.runtime_params.slot_limit 2→999：续跑退出 1（旧版退出 0）  — rc=0
  [FAIL] run_binding.runtime_params.slot_limit 2→999：证据链问题逐候选点名 evidence_run_binding_mismatch  — []
  [FAIL] run_binding.runtime_params.slot_limit 2→999：验收不通过、处置写明带出但阻断且需新检查点  — True None
  [PASS] run_binding.runtime_params.slot_limit 2→999：结果与失败历史照常保留（两条带出结果、检查点原有记录一行不少）  — n=2
  [FAIL] run_binding.runtime_params.slot_limit 2→999：比较器同样拒绝，且点名 run_binding_matches:first 与结果回溯  — rc=1 ['run_binding_matches:first']
  [FAIL] run_binding.runtime_params.slot_limit 2→999：两个入口给出的绑定问题原因相同（同一套规则）  — resume=[] comparator=[]
  [PASS] run_binding.primitives_sha256 改成全 0：首跑退出 0、改动后原证据结构仍完整  — rc=0 ev=True
  [FAIL] run_binding.primitives_sha256 改成全 0：续跑退出 1（旧版退出 0）  — rc=0
  [FAIL] run_binding.primitives_sha256 改成全 0：证据链问题逐候选点名 evidence_run_binding_mismatch  — []
  [FAIL] run_binding.primitives_sha256 改成全 0：验收不通过、处置写明带出但阻断且需新检查点  — True None
  [PASS] run_binding.primitives_sha256 改成全 0：结果与失败历史照常保留（两条带出结果、检查点原有记录一行不少）  — n=2
  [FAIL] run_binding.primitives_sha256 改成全 0：比较器同样拒绝，且点名 run_binding_matches:first 与结果回溯  — rc=1 ['run_binding_matches:first']
  [FAIL] run_binding.primitives_sha256 改成全 0：两个入口给出的绑定问题原因相同（同一套规则）  — resume=[] comparator=[]
  [PASS] run_binding 缺席（kind 改名，seq 保持连续）：首跑退出 0、改动后原证据结构仍完整  — rc=0 ev=True
  [FAIL] run_binding 缺席（kind 改名，seq 保持连续）：续跑退出 1（旧版退出 0）  — rc=0
  [FAIL] run_binding 缺席（kind 改名，seq 保持连续）：证据链问题逐候选点名 evidence_run_binding_missing  — []
  [FAIL] run_binding 缺席（kind 改名，seq 保持连续）：验收不通过、处置写明带出但阻断且需新检查点  — True None
  [PASS] run_binding 缺席（kind 改名，seq 保持连续）：结果与失败历史照常保留（两条带出结果、检查点原有记录一行不少）  — n=2
  [FAIL] run_binding 缺席（kind 改名，seq 保持连续）：比较器同样拒绝，且点名 run_binding_matches:first 与结果回溯  — rc=1 ['run_binding_matches:first']
  [FAIL] run_binding 缺席（kind 改名，seq 保持连续）：两个入口给出的绑定问题原因相同（同一套规则）  — resume=[] comparator=[]
  [FAIL] 旧版规则常量 = v1.16/v1.17 审核快照脚本与对应规格的真实 hash（防手抄错）  — {}
  [FAIL] evidence.verify_run_binding 存在（共用规则）  — absent

24 测试不得改写交付与审核产物
  [PASS] 快照覆盖到了实际存在的产物（不是空目录）  — 1204 个文件
  [PASS] 整次运行前后没有任何产物被改写  — []
  [PASS] 整次运行没有删掉任何产物  — []
  [PASS] 整次运行没有往交付/审核目录里新增文件  — []

通过 371 / 失败 18
