{
 "all_rpc_execution_evidence": {
  "errors": 8,
  "rpc": 2292,
  "rate": 0.00349
 },
 "complete_runs_only": {
  "errors": 6,
  "rpc": 2290
 },
 "iid_scenario_only": {
  "formula": "1-(1-6/2290)^105",
  "value": 0.240785,
  "note": "requires independent, stable-rate calls and ~105 calls/candidate; NOT a measured candidate failure rate"
 },
 "round1_exit_codes": {
  "serial": 1,
  "parallel": 1,
  "resume_serial": 1
 },
 "round2_wall_s": {
  "first_pass_ratio": 0.5682,
  "serial_incl_resumes": 902.2,
  "parallel_incl_resumes": 715.0,
  "ratio_incl_resumes": 0.7925
 }
}
