[warn] keccak 后端不可用，改用已校验常量（topic0 仍然正确，只是不再运行时计算）。
[warn] 恢复运行时计算需要【两个】包，缺一不可：
[warn]     pip install eth-utils "eth-hash[pycryptodome]"
[warn] 只装 eth-hash 不够 —— 本脚本 import 的是 eth_utils.keccak。
链=ethereum  factory=0x5C69bEe701ef814a2B6a3EDD4B1652CB9cc5aA6f  spec_hash=e8fb2a433246d59f
PairCreated 采集来源：etherscan —— 由 SPEC 指定：etherscan
候选 25800000-25900000；历史回看自 25800000
L2b 可用性：None —— 对账模式不执行归因能力探测

[1/5] 历史区间 PairCreated（只建历史，不作候选）…
[2/5] 候选区间 PairCreated…
  Etherscan logs 25800000-25900000：1423 条，缺口 0 段
  历史 0；候选 1423；缺口 历史0/候选0 段
  candidate 对账：去重 1423 vs 预期 1423；计数✔ 连续✔ 边界✔

[对账模式] 只做完整性核验，不继续归因。
链=ethereum  factory=0x5C69bEe701ef814a2B6a3EDD4B1652CB9cc5aA6f  spec_hash=542bbdecb29787fb
PairCreated 采集来源：etherscan —— 由 SPEC 指定：etherscan
候选 25800000-25900000；历史回看自 23300000
L2b 可用性：True —— factory 创建区块定位为 10000835；双向断言通过（cb-1 空=True, cb 非空=True）

[1/5] 历史区间 PairCreated（只建历史，不作候选）…
  Etherscan logs 23300000-25799999：64429 条，缺口 0 段
[2/5] 候选区间 PairCreated…
  Etherscan logs 25800000-25900000：1423 条，缺口 0 段
  历史 64429；候选 1423；缺口 历史0/候选0 段
  history   对账：去重 64429 vs 预期 64429；计数✔ 连续✔ 边界✔
  candidate 对账：去重 1423 vs 预期 1423；计数✔ 连续✔ 边界✔
