{'k': '0', 'wallet': 'BLimgBQPAGzC32E1txVtEVrTDEzn28HMux8ZR6ny1voQ', 'n_sig': 779, 'status': 'ok', 'calls': 2} total_calls 2
{'k': '1', 'wallet': 'FS9NcUi3ExoUWJmeiTFFfppaUEB6hfj2wvZnKejkgJ1x', 'n_sig': 1930, 'status': 'ok', 'calls': 3} total_calls 5
{'k': '2', 'wallet': '3w8vWtsAeaN3JyePUu9HwPwcmG6VDuKE4FQ67hon3LZQ', 'n_sig': 32, 'status': 'ok', 'calls': 2} total_calls 7
{'k': '3', 'wallet': 'AmcNekukkoa41uEFxU4HJYEjvmXR5BzdFrA8Qhq6N7iY', 'n_sig': 3847, 'status': 'ok', 'calls': 5} total_calls 12
{'k': '4', 'wallet': 'CbY5inaMyeUzAbA28J4pV62Co3kpZ2gFiBZJYXyFn7me', 'n_sig': 2491, 'status': 'ok', 'calls': 30} total_calls 42
{'k': '5', 'wallet': 'C61yCWc7HDcuwCK9b49E3iARb5bGzZGE5pNDA7ZhHBs5', 'n_sig': 6148, 'status': 'ok', 'calls': 71} total_calls 113
{'k': '6', 'wallet': 'FCPVbVpLg9U58XdyHQdKMWiCNcADva2XhT32gp1XZpQd', 'n_sig': 1388, 'status': 'ok', 'calls': 18} total_calls 131
{'k': '7', 'wallet': 'BrPvAKYzhTLixxFTdZGUTGqTSduuvJQ3jbk7t6YUXnjr', 'n_sig': 109, 'status': 'ok', 'calls': 5} total_calls 136
{'k': '8', 'wallet': 'DnDULUK5nhHZbnUknRHDYabrGi1xdkiMkc2ed3CWXmoc', 'n_sig': 95, 'status': 'ok', 'calls': 4} total_calls 140
{'k': '9', 'wallet': 'D79guzAKGNCtndqYKbVZTwmr9mqM9daU9fYLMxxfqVCe', 'n_sig': 34, 'status': 'ok', 'calls': 4} total_calls 144
{'k': '10', 'wallet': 'Dxt8syYZD5QnFbtrerrGGrX8FDzMERePYGZidH2B2UZj', 'n_sig': 131, 'status': 'ok', 'calls': 5} total_calls 149
{'k': '11', 'wallet': '3zYVewKhux94eDQioK7opVWPF9H9TwzuaA2bXn2PLWWp', 'n_sig': 197, 'status': 'ok', 'calls': 5} total_calls 154
{'k': '12', 'wallet': 'FUCKNiggAS8VdjcGbpAgoPZtfmpA32Q5CGbVbxHeuAgt', 'n_sig': 1182, 'status': 'ok', 'calls': 16} total_calls 170
{'k': '13', 'wallet': 'ALi2JTnJkqA6yuZzXgBPaJuyswG5oqv3SwBcZ1mTTwWB', 'n_sig': 644, 'status': 'ok', 'calls': 10} total_calls 180
{'k': '14', 'wallet': '9RhM9QfGaszojVpzghSb75jqmMcFCdDv1ZvFbwkC52Hm', 'n_sig': 16, 'status': 'ok', 'calls': 4} total_calls 184
{'k': '15', 'wallet': '6UFfv9hYEc882QPGw2ococTZX6bjsUzkP1Ngf4ZzUCTn', 'n_sig': 21, 'status': 'ok', 'calls': 4} total_calls 188
{'k': '16', 'wallet': '7a1crJnsQ4AqqGdaMxUaiyQRRdjovofUxeB8mCPKraqx', 'n_sig': 5303, 'status': 'ok', 'calls': 62} total_calls 250
{'k': '17', 'wallet': 'AVwzHt8CUPtmU4L6RXb2ymyw4yASqWXfNV3dRDCHmsPs', 'n_sig': 121, 'status': 'ok', 'calls': 5} total_calls 255
{'k': '18', 'wallet': '991azNS8PGBswfJsmJCzpsE4RpU5BW6QQdo2dqNR56dd', 'n_sig': 37, 'status': 'ok', 'calls': 4} total_calls 259
{'k': '19', 'wallet': '827L2BZ4gdNG5GyUdfjTwtBhLSh1qjVQLx4obS6HAiQK', 'n_sig': 43, 'status': 'ok', 'calls': 4} total_calls 263
{'k': '20', 'wallet': '7YKBiaNxoNxapEqeFE3zfGaSHHzLu4J8FL1FYva3obkz', 'n_sig': 1039, 'status': 'ok', 'calls': 15} total_calls 278
{'k': '21', 'wallet': 'F49ipuTnzzGAm8maR57jePcSx1fyQ2E6XTTiuVajg7zU', 'n_sig': 14352, 'status': 'ok', 'calls': 161} total_calls 439
{'k': '22', 'wallet': 'hWJCRPNTt9fUBohpCdGsotGerPGu3BKx3sDmSd43qbk', 'n_sig': 3171, 'status': 'ok', 'calls': 38} total_calls 477
{'k': '23', 'wallet': '4XHCiLn2rNqPBYQ2RA721j5ar4cU1H13Wui6Z3NE2o13', 'n_sig': 4328, 'status': 'ok', 'calls': 51} total_calls 528
{'k': '24', 'wallet': 'AgAaEion8EwAMtaiNCmyJSF3sECSRWmNi71hcys44afv', 'n_sig': 10235, 'status': 'ok', 'calls': 116} total_calls 644
{'k': '25', 'wallet': '2uaLzCzAf9hPeJqXV8BUDw99yho19uW2t6FFj7hKKKY9', 'n_sig': 10, 'status': 'ok', 'calls': 4} total_calls 648
{'k': '26', 'wallet': '5LwYjCKu495nkpoCTikLfdNiedwDewqjbwGivhuRkMTT', 'n_sig': 475, 'status': 'ok', 'calls': 8} total_calls 656
{'k': '27', 'wallet': 'DE4Y1i3LZD6fXNh7gcCekMyReBV23kRgbinnXp1iahYw', 'n_sig': 2217, 'status': 'ok', 'calls': 28} total_calls 684
{'k': '28', 'wallet': '8fG5zMaQjpQNgVgE8yWn8mge3HmfKBpwUY36VLvrNyxX', 'n_sig': 5076, 'status': 'ok', 'calls': 59} total_calls 743
{'k': '29', 'wallet': 'Fx8wFmPc6LarYr2ucwEDrUxbLnGzLUT2NUdxmmjzLTTD', 'n_sig': 1412, 'status': 'ok', 'calls': 19} total_calls 762
DONE total getTransactionsForAddress calls 762 ≈ credits 7620
