
27 已证不符 + 后续中断：不符与中断原因都保留，不折成'未知'
  [PASS] 两侧不符后 getPair 断连：两条注入依次命中  — [('state_validation', 'eth_call', 'token0()', 'return'), ('state_validation', 'eth_call', 'getPair(address,address)', 'transport')]
  [FAIL] 两侧不符后 getPair 断连：已证不符保留在 failures  — []
  [PASS] 两侧不符后 getPair 断连：后续中断记为 unavailable（transport）  — [('identity_calls', 'transport')]
  [FAIL] 两侧不符后 getPair 断连：结论 failed / state_validation_failed / validation_passed=False  — unavailable data_missing unavailable
  [PASS] 两侧不符后 getPair 断连：中断原因另记（prior_state=None），原有 data 不丢  — {'validation_unavailable': {'stage': 'state_validation', 'items': [{'step': 'identity_calls', 'error_kind': 'transport', 'detail': 'controlled TLS EOF'}]}}
  [FAIL] 两侧不符后 getPair 断连：验收列入 validation_failed、不列 unavailable；退出 1；检查点未完成；证据完整  — failed=[] unav=[1] rc=1 ck=False ev=True
  [FAIL] 两侧不符后 getPair 断连：证据里的校验摘要也带着不符  — [('unavailable', [])]
  [PASS] 两侧不符后 getPair 断连：另一候选不受影响
  [PASS] 两侧不符后 getPair 预算耗尽（闸门）：两条注入依次命中  — [('state_validation', 'eth_call', 'token0()', 'return'), ('state_validation', 'eth_call', 'getPair(address,address)', 'gate_budget')]
  [FAIL] 两侧不符后 getPair 预算耗尽（闸门）：已证不符保留在 failures  — []
  [FAIL] 两侧不符后 getPair 预算耗尽（闸门）：后续中断记为 unavailable（budget）  — [('state_validation', 'not_completed')]
  [FAIL] 两侧不符后 getPair 预算耗尽（闸门）：结论 failed / state_validation_failed / validation_passed=False  — unavailable budget_exhausted unavailable
  [FAIL] 两侧不符后 getPair 预算耗尽（闸门）：中断原因另记（prior_state=budget_exhausted），原有 data 不丢  — {'budget': 'controlled shared budget exhausted'}
  [FAIL] 两侧不符后 getPair 预算耗尽（闸门）：验收列入 validation_failed、不列 unavailable；退出 1；检查点未完成；证据完整  — failed=[] unav=[1] rc=1 ck=False ev=True
  [FAIL] 两侧不符后 getPair 预算耗尽（闸门）：证据里的校验摘要也带着不符  — []
  [PASS] 两侧不符后 getPair 预算耗尽（闸门）：另一候选不受影响
  [PASS] 恢复复读钱包代码已变后读余额预算耗尽（RpcFailure budget）：两条注入依次命中  — [('restore_check', 'eth_getCode', None, 'return'), ('restore_check', 'eth_getBalance', None, 'budget')]
  [FAIL] 恢复复读钱包代码已变后读余额预算耗尽（RpcFailure budget）：已证不符保留在 failures  — []
  [PASS] 恢复复读钱包代码已变后读余额预算耗尽（RpcFailure budget）：后续中断记为 unavailable（budget）  — [('restore_check', 'budget')]
  [FAIL] 恢复复读钱包代码已变后读余额预算耗尽（RpcFailure budget）：结论 failed / state_validation_failed / validation_passed=False  — unavailable budget_exhausted unavailable
  [FAIL] 恢复复读钱包代码已变后读余额预算耗尽（RpcFailure budget）：中断原因另记（prior_state=budget_exhausted），原有 data 不丢  — None
  [FAIL] 恢复复读钱包代码已变后读余额预算耗尽（RpcFailure budget）：验收列入 validation_failed、不列 unavailable；退出 1；检查点未完成；证据完整  — failed=[] unav=[1] rc=1 ck=False ev=True
  [FAIL] 恢复复读钱包代码已变后读余额预算耗尽（RpcFailure budget）：证据里的校验摘要也带着不符  — []
  [PASS] 恢复复读钱包代码已变后读余额预算耗尽（RpcFailure budget）：另一候选不受影响
  [PASS] 恢复复读钱包代码已变后预算耗尽（闸门）：两条注入依次命中  — [('restore_check', 'eth_getCode', None, 'return'), ('restore_check', 'eth_getBalance', None, 'gate_budget')]
  [FAIL] 恢复复读钱包代码已变后预算耗尽（闸门）：已证不符保留在 failures  — []
  [PASS] 恢复复读钱包代码已变后预算耗尽（闸门）：后续中断记为 unavailable（budget）  — [('restore_check', 'budget')]
  [FAIL] 恢复复读钱包代码已变后预算耗尽（闸门）：结论 failed / state_validation_failed / validation_passed=False  — unavailable budget_exhausted unavailable
  [FAIL] 恢复复读钱包代码已变后预算耗尽（闸门）：中断原因另记（prior_state=budget_exhausted），原有 data 不丢  — None
  [FAIL] 恢复复读钱包代码已变后预算耗尽（闸门）：验收列入 validation_failed、不列 unavailable；退出 1；检查点未完成；证据完整  — failed=[] unav=[1] rc=1 ck=False ev=True
  [FAIL] 恢复复读钱包代码已变后预算耗尽（闸门）：证据里的校验摘要也带着不符  — []
  [PASS] 恢复复读钱包代码已变后预算耗尽（闸门）：另一候选不受影响
  [PASS] 入场钱包已有代码后读余额预算耗尽：两条注入依次命中  — [('state_validation', 'eth_getCode', None, 'return'), ('state_validation', 'eth_getBalance', None, 'budget')]
  [FAIL] 入场钱包已有代码后读余额预算耗尽：已证不符保留在 failures  — []
  [FAIL] 入场钱包已有代码后读余额预算耗尽：后续中断记为 unavailable（budget）  — [('state_validation', 'not_completed')]
  [FAIL] 入场钱包已有代码后读余额预算耗尽：结论 failed / state_validation_failed / validation_passed=False  — unavailable budget_exhausted unavailable
  [FAIL] 入场钱包已有代码后读余额预算耗尽：中断原因另记（prior_state=budget_exhausted），原有 data 不丢  — {'budget': 'controlled budget stop'}
  [FAIL] 入场钱包已有代码后读余额预算耗尽：验收列入 validation_failed、不列 unavailable；退出 1；检查点未完成；证据完整  — failed=[] unav=[1] rc=1 ck=False ev=True
  [FAIL] 入场钱包已有代码后读余额预算耗尽：证据里的校验摘要也带着不符  — []
  [PASS] 入场钱包已有代码后读余额预算耗尽：另一候选不受影响
  [PASS] 出场钱包已有代码后停机：两条注入依次命中  — [('state_validation_exit', 'eth_getCode', None, 'return'), ('state_validation_exit', 'eth_getBalance', None, 'shutdown')]
  [FAIL] 出场钱包已有代码后停机：已证不符保留在 failures  — []
  [FAIL] 出场钱包已有代码后停机：后续中断记为 unavailable（shutdown）  — [('state_validation_exit', 'not_completed')]
  [FAIL] 出场钱包已有代码后停机：结论 failed / state_validation_failed / validation_passed=False  — unavailable aborted_by_shutdown unavailable
  [FAIL] 出场钱包已有代码后停机：中断原因另记（prior_state=aborted_by_shutdown），原有 data 不丢  — {'shutdown': 'controlled_stop', 'detail': {'where': 'state_validation_exit'}}
  [FAIL] 出场钱包已有代码后停机：验收列入 validation_failed、不列 unavailable；退出 1；检查点未完成；证据完整  — failed=[] unav=[1] rc=1 ck=False ev=True
  [FAIL] 出场钱包已有代码后停机：证据里的校验摘要也带着不符  — [('passed', [])]
  [PASS] 出场钱包已有代码后停机：另一候选不受影响
  [PASS] 对照：恢复复读无不符、只预算耗尽 ⇒ budget_exhausted / unavailable，failures 为空  — budget_exhausted unavailable
  [FAIL] 对照：两侧正确、只 getPair 断连 ⇒ data_missing / unavailable，closure 保留已取得的两侧  — data_missing None

通过 17 / 失败 33
