========================================================================
站① 目标 → 所需年化 Sharpe（含杠杆，Kelly 近似）
========================================================================
  关键恒等式：S_ann_required = sqrt( 2·ln(M) / T )  ← 与事件率无关
  11万→+100万 / 3年         全Kelly 1.24   半Kelly 1.43
  同上 / 5年                全Kelly 0.96   半Kelly 1.11
  翻倍 / 1年                全Kelly 1.18   半Kelly 1.36

========================================================================
站⑤ 验证一个 Sharpe=S 的策略需要多久（80% 功效, α=0.025 单侧）
========================================================================
  关键恒等式：years = (z_a+z_b)^2 / S_ann^2 = 7.849 / S^2   ← 同样与事件率无关
  （事件率↑ 同时增加样本数并等比稀释单事件 Sharpe，两者相消）

    年化Sharpe       验证所需年数       ≈周
        0.50        31.40     1633
        1.00         7.85      408
        1.24         5.10      265
        1.43         3.84      200
        2.00         1.96      102
        3.00         0.87       45
        5.80         0.23       12

========================================================================
两条恒等式的交点 —— 这才是真正的门
========================================================================
  目标要求               S_ann >= 1.24
  验证该 Sharpe 需要      5.09 年 = 265 周
  你的前向验证预算        8-12 周 = 0.23 年
  → 12 周【只能】确认    S_ann >= 5.8

  ★ 缺口：能达标的策略 Sharpe 1.24，12 周能验证的最低 Sharpe 5.8，相差 4.7 倍
  ★ 结论：8-12 周前向验证框架与 3 年 10 倍目标【结构上互斥】，与选哪个方向无关
