C1_W20250407 8884587 QUERY_STATE_COMPLETED 38.670192308
execution 01M3Y4CYEBTZ66JD3MH057SJDV rows 21634 cost 38.670192308
19:02:53 rows 21634 / 21634
saved /home/ancillary/RT/1_实验/pump曲线_关闭前审计_DQ-24/审计重跑_1003/raw/dune/C1_W20250407.csv.gz 21634
C1_W20250407 rc 0 cost 38.670192308 spent_weeks 68.359
C1_W20250519 8884599 QUERY_STATE_COMPLETED 39.279423077
execution 01M3Y4G5HQX71A3KQ41NC2WRCB rows 19890 cost 39.279423077
19:09:01 rows 19890 / 19890
saved /home/ancillary/RT/1_实验/pump曲线_关闭前审计_DQ-24/审计重跑_1003/raw/dune/C1_W20250519.csv.gz 19890
C1_W20250519 rc 0 cost 39.279423077 spent_weeks 107.638
C1_W20250707 8884625 QUERY_STATE_COMPLETED 24.353269231
execution 01M3Y4VCBPX1Z1DX0FHEQENZSD rows 8226 cost 24.353269231
19:11:28 rows 8226 / 8226
saved /home/ancillary/RT/1_实验/pump曲线_关闭前审计_DQ-24/审计重跑_1003/raw/dune/C1_W20250707.csv.gz 8226
C1_W20250707 rc 0 cost 24.353269231 spent_weeks 131.992
C1_W20250818 8884631 QUERY_STATE_COMPLETED 31.747115385
execution 01M3Y4ZW1GG2Y4ZJ3MZ625WHF2 rows 9050 cost 31.747115385
19:12:51 rows 9050 / 9050
saved /home/ancillary/RT/1_实验/pump曲线_关闭前审计_DQ-24/审计重跑_1003/raw/dune/C1_W20250818.csv.gz 9050
C1_W20250818 rc 0 cost 31.747115385 spent_weeks 163.739
C1_W20251006 8884638 QUERY_STATE_COMPLETED 15.380961539
execution 01M3Y52CWHX643SCJ9EZNJB4E1 rows 6283 cost 15.380961539
19:14:29 rows 6283 / 6283
saved /home/ancillary/RT/1_实验/pump曲线_关闭前审计_DQ-24/审计重跑_1003/raw/dune/C1_W20251006.csv.gz 6283
C1_W20251006 rc 0 cost 15.380961539 spent_weeks 179.12
C1_W20251117 8884649 QUERY_STATE_COMPLETED 16.8025
execution 01M3Y55C1BHZ20ZP1BWQVPSC3A rows 6781 cost 16.8025
19:16:06 rows 6781 / 6781
saved /home/ancillary/RT/1_实验/pump曲线_关闭前审计_DQ-24/审计重跑_1003/raw/dune/C1_W20251117.csv.gz 6781
C1_W20251117 rc 0 cost 16.8025 spent_weeks 195.922
C1_W20260105 8884667 QUERY_STATE_COMPLETED 28.580961539
execution 01M3Y58ASJ5KDVZ3W6ATP9D9W0 rows 13345 cost 28.580961539
19:17:14 rows 13345 / 13345
saved /home/ancillary/RT/1_实验/pump曲线_关闭前审计_DQ-24/审计重跑_1003/raw/dune/C1_W20260105.csv.gz 13345
C1_W20260105 rc 0 cost 28.580961539 spent_weeks 224.503
C1_W20260216 8884676 QUERY_STATE_COMPLETED 35.845576924
execution 01M3Y5AD68J1FM94FHH1GZ1JRR rows 15450 cost 35.845576924
19:20:17 rows 15450 / 15450
saved /home/ancillary/RT/1_实验/pump曲线_关闭前审计_DQ-24/审计重跑_1003/raw/dune/C1_W20260216.csv.gz 15450
C1_W20260216 rc 0 cost 35.845576924 spent_weeks 260.349
C1_W20260406 8884687 QUERY_STATE_COMPLETED 38.937884616
execution 01M3Y5FZK2JDP8M7M5DHF105TX rows 28482 cost 38.937884616
19:22:23 rows 28482 / 28482
saved /home/ancillary/RT/1_实验/pump曲线_关闭前审计_DQ-24/审计重跑_1003/raw/dune/C1_W20260406.csv.gz 28482
C1_W20260406 rc 0 cost 38.937884616 spent_weeks 299.287
C1_W20260518 8884694 QUERY_STATE_COMPLETED 16.765576924
execution 01M3Y5KVGYTXCRDA4KHYDFR9C9 rows 15292 cost 16.765576924
19:23:49 rows 15292 / 15292
saved /home/ancillary/RT/1_实验/pump曲线_关闭前审计_DQ-24/审计重跑_1003/raw/dune/C1_W20260518.csv.gz 15292
C1_W20260518 rc 0 cost 16.765576924 spent_weeks 316.052
