[warn] keccak 后端不可用，改用已校验常量（topic0 仍然正确，只是不再运行时计算）。
[warn] 恢复运行时计算需要【两个】包，缺一不可：
[warn]     pip install eth-utils "eth-hash[pycryptodome]"
[warn] 只装 eth-hash 不够 —— 本脚本 import 的是 eth_utils.keccak。
[migrate] attribution 补列 3 个：l4_subject, deploy_kind, creator_status
[migrate] 旧行在这些列上为 NULL。若这个库里混有旧版本的数据，报告的 spec_hash 一行会告警——那两批数据不是一次实验。
分支                                     行  覆盖
--------------------------------------------------------
L2b 整条不可用 → api_failure              797  ✔ 执行到
L2b 便宜路径2 getBlockReceipts           833  ✔ 执行到
L2b 退化路径撞扫描上限                        848  ✔ 执行到
L2b 工厂部署 → ambiguous                 830  ✔ 执行到
L4 分页打满 → history_truncated          934  ✔ 执行到
历史部署 接口失败 → api_failure              979  ✔ 执行到
历史部署 分页打满 → 截断                       985  ✔ 执行到
历史部署 数到0 → 截断(结构盲区)                  989  ✔ 执行到
失败创建交易被排除                            994  ✔ 执行到
hist_status → api_failure(顺序)       1106  ✔ 执行到
hist_status 主体必须一致                  1098  ✔ 执行到
creator 未知不宣称 no_history            1115  ✔ 执行到
l2b_self_test 断言失败分支                 417  ✔ 执行到
as_rows 形状异常返回 None                  254  ✔ 执行到
l2a 形状异常 → api_failure               776  ✔ 执行到
两路先比 txHash → conflict_tx           1039  ✔ 执行到
冲突时不写确定归因                           1051  ✔ 执行到
deploy_kind 用 contractFactory       1026  ✔ 执行到
L3 识别 MINIMUM_LIQUIDITY 锁定           902  ✔ 执行到
L3 不越过链头                             862  ✔ 执行到
Etherscan 日志源                        546  ✔ 执行到
日志源自动选择                              666  ✔ 执行到
日志缺口持久化                              715  ✔ 执行到
allPairsLength 对账                    604  ✔ 执行到
对账不通过 → 母体不完整                        616  ✔ 执行到
getLogs 跨度实测命中                       638  ✔ 执行到
getLogs 全跨度失败                        640  ✔ 执行到
7702 委托判定                            951  ✔ 执行到
7702 查候选块非 latest                    947  ✔ 执行到
前向按字段判超时                            1365  ✔ 执行到
前向缺口重试                              1333  ✔ 执行到
续跑按 spec_hash 判                     1268  ✔ 执行到
spec 在能力探测后冻结                        370  ✔ 执行到
报告分层一致率                             1476  ✔ 执行到
报告 l2_agreement 细分                  1482  ✔ 执行到
来源选择用固定批量标准                          660  ✔ 执行到
空区间对账通过                              608  ✔ 执行到
历史/候选分别对账                           1203  ✔ 执行到
缺口带归属落库                              719  ✔ 执行到
前向只补本次范围缺口                          1333  ✔ 执行到
补回日志需过对账                            1341  ✔ 执行到
报告读取完整性状态                           1406  ✔ 执行到
不完整 → INCOMPLETE 横幅                 1419  ✔ 执行到
不完整 → 删掉旧正式报告                       1541  ✔ 执行到
report 返回非零                         1588  ✔ 执行到
reconcile 只核验不归因                    1214  ✔ 执行到
--------------------------------------------------------

⚠ 以下锚点在源码中出现多次，find 只取了第一个，可能在检查别处的同名行：
    'return None, None, None, "api_failure", "unknown' -> 行 [797, 800, 805, 813, 845]
46/46 覆盖
