[warn] keccak 后端不可用，改用已校验常量（topic0 仍然正确，只是不再运行时计算）。
[warn] 恢复运行时计算需要【两个】包，缺一不可：
[warn]     pip install eth-utils "eth-hash[pycryptodome]"
[warn] 只装 eth-hash 不够 —— 本脚本 import 的是 eth_utils.keccak。
[migrate] attribution 补列 3 个：l4_subject, deploy_kind, creator_status
[migrate] 旧行在这些列上为 NULL。若这个库里混有旧版本的数据，报告的 spec_hash 一行会告警——那两批数据不是一次实验。
分支                                     行  覆盖
--------------------------------------------------------
L2b 整条不可用 → api_failure              822  ✔ 执行到
L2b 便宜路径2 getBlockReceipts           858  ✔ 执行到
L2b 退化路径撞扫描上限                        873  ✔ 执行到
L2b 工厂部署 → ambiguous                 855  ✔ 执行到
L4 分页打满 → history_truncated          959  ✔ 执行到
历史部署 接口失败 → api_failure             1004  ✔ 执行到
历史部署 分页打满 → 截断                      1010  ✔ 执行到
历史部署 数到0 → 截断(结构盲区)                 1014  ✔ 执行到
失败创建交易被排除                           1019  ✔ 执行到
hist_status → api_failure(顺序)       1131  ✔ 执行到
hist_status 主体必须一致                  1123  ✔ 执行到
creator 未知不宣称 no_history            1140  ✔ 执行到
l2b_self_test 断言失败分支                 389  ✔ 执行到
as_rows 形状异常返回 None                  204  ✔ 执行到
l2a 形状异常 → api_failure               801  ✔ 执行到
两路先比 txHash → conflict_tx           1064  ✔ 执行到
冲突时不写确定归因                           1076  ✔ 执行到
deploy_kind 用 contractFactory       1051  ✔ 执行到
L3 识别 MINIMUM_LIQUIDITY 锁定           927  ✔ 执行到
L3 不越过链头                             887  ✔ 执行到
Etherscan 日志源                        518  ✔ 执行到
日志源自动选择                              650  ✔ 执行到
日志缺口持久化                              699  ✔ 执行到
allPairsLength 对账                    584  ✔ 执行到
对账不通过 → 母体不完整                        598  ✔ 执行到
getLogs 跨度实测命中                       620  ✔ 执行到
getLogs 全跨度失败                        622  ✔ 执行到
7702 委托判定                            976  ✔ 执行到
7702 查候选块非 latest                    972  ✔ 执行到
前向按字段判超时                            1437  ✔ 执行到
前向缺口重试                              1391  ✔ 执行到
续跑按 spec_hash 判                     1320  ✔ 执行到
spec 在能力探测后冻结                        340  ✔ 执行到
报告分层一致率                             1557  ✔ 执行到
报告 l2_agreement 细分                  1563  ✔ 执行到
来源选择用固定批量标准                          644  ✔ 执行到
空区间对账通过                              590  ✔ 执行到
历史/候选分别对账                           1239  ✔ 执行到
缺口带归属落库                              703  ✔ 执行到
前向只补本次范围缺口                          1391  ✔ 执行到
补回日志需过对账                            1400  ✔ 执行到
报告读取完整性状态                           1481  ✔ 执行到
不完整 → INCOMPLETE 横幅                 1501  ✔ 执行到
不完整 → 删掉旧正式报告                       1622  ✔ 执行到
report 返回非零                         1669  ✔ 执行到
reconcile 只核验不归因                    1264  ✔ 执行到
--------------------------------------------------------
46/46 覆盖
Imported source: /home/ancillary/rightTail/rt_a_attribution.py
