链=ethereum  factory=0x5C69bEe701ef814a2B6a3EDD4B1652CB9cc5aA6f  spec_hash=8b17a43d36d7802d
PairCreated 采集来源：rpc —— 由 SPEC 指定：rpc
候选 1000-1040；历史回看自 100
L2b 可用性：True —— factory 创建区块定位为 100；双向断言通过（cb-1 空=True, cb 非空=True）
  按 RPC 跨度 100 取 941 个区块，约 10 次 eth_getLogs

[1/5] 历史区间 PairCreated（只建历史，不作候选）…
  .. 100-199  累计 0
  .. 200-299  累计 10
  .. 300-399  累计 20
  .. 400-499  累计 30
  .. 500-599  累计 40
  .. 600-699  累计 50
  .. 700-799  累计 60
  .. 800-899  累计 70
  .. 900-999  累计 80
[2/5] 候选区间 PairCreated…
  .. 1000-1040  累计 5
  历史 79；候选 5；缺口 历史1/候选0 段
  history   对账：去重 79 vs 预期 80；计数✘ 连续✔ 边界✘  → 对账不通过：日志有遗漏，该区间不得标为完整母体; 存在采集缺口
  candidate 对账：去重 5 vs 预期 5；计数✔ 连续✔ 边界✔
  ⚠ 对账未通过：本次母体不完整。数据仍会写库作为诊断证据，
  ⚠ 但 report 只会产出 INCOMPLETE 调试报告，不出正式结论。
[3/5] 历史建池发送者：抓 79，历史总数 79，上限 3000/次
  .. 50/79
  自足通道覆盖 79/79 → 全覆盖
[4/5] 归因 5 个候选…（自足通道实际抽到的最早区块 = 210，回看窗口起点 = 100）

[5/5] 第二遍重算 creator_prior_pairs（消除处理顺序偏置）…

==============================================================================
!!!!!!!!!!!!!!!!!!!!!!!!!!!!!!!!!!!!!!!!!!!!!!!!!!!!!!!!!!!!!!!!!!!!!!!!!!!!!!
!!  母体不完整 —— 这份是 INCOMPLETE 调试报告，不是验收结果  !!
!!  下面每一个比例的【分母都不是全量】，不得用于任何结论      !!
!!!!!!!!!!!!!!!!!!!!!!!!!!!!!!!!!!!!!!!!!!!!!!!!!!!!!!!!!!!!!!!!!!!!!!!!!!!!!!
  candidate 1000-1040  对账通过：去重 5 vs 预期 5  
  history   100-999  对账未通过：去重 79 vs 预期 80  对账不通过：日志有遗漏，该区间不得标为完整母体; 存在采集缺口
!!!!!!!!!!!!!!!!!!!!!!!!!!!!!!!!!!!!!!!!!!!!!!!!!!!!!!!!!!!!!!!!!!!!!!!!!!!!!!
模式：backfill    候选数 N = 5
数据采集时的 spec_hash：8b17a43d36d7802d
当前进程 spec_hash：8b17a43d36d7802d
链 = ethereum   决策窗口 = 300s
本模式回看窗口 = 900 区块
==============================================================================

【1】四条链路各自状态分布（分母 = N）
  L1 建池交易发送者             已判完 =    5/5 (100.0%)
                          ok=5
  L2a 浏览器创建归因            已判完 =    5/5 (100.0%)
                          ok=5
  L2b 纯RPC创建归因           已判完 =    0/5 (0.0%)
                          ambiguous=5
  L3 首次Mint与LP接收         已判完 =    5/5 (100.0%)
                          ok=5
  L4 最早观察到的入账            已判完 =    5/5 (100.0%)
                          ok=5

【2】联合覆盖率 —— 唯一的结论行
  规则需要：pair_created_tx_sender, creation_tx_sender, creator_prior_activity_known
  '已判完'计入可用的状态：['ok', 'no_history']  （历史部署零条仍为未知，不代表没有历史）
  联合可用 = 5/5  (100.0%)

【2b】历史可见性状态分布
  ok                  （已判完）    5/5 (100.0%)

【3】两条创建归因链路的交叉校验（按部署形态分层）
  只比较两条链路都判 ok 的行；工厂路径 L2b 仍为 ambiguous，不能据此确定归因。
  direct   候选    5；可比    0；一致 0 (n/a)
  factory  候选    0；可比    0；一致 0 (n/a)
  unknown  候选    0；可比    0；一致 0 (n/a)

【3c】两路一致性的细分（先比创建交易，再比地址）
  not_comparable          5/5 (100.0%)
  conflict_tx = 两路指向不同的创建交易，这才是真歧义；此时不写 creation_tx_sender。

【3b】creation_tx_sender 的确定性（ambiguous / conflict 不进下游）
  ok                      5/5 (100.0%)

【5】新池 ≠ 新币（只统计 backfill 候选）
  该代币此前已有池：0/5 (0.0%)
  无法判定哪侧是新币：0/5 (0.0%)

【本周能否定什么 / 不能否定什么】
  能否定：在这个冻结的母体、数据源、回看范围与决策截止内，
          【这一版归因规则】覆盖不足或来不及返回。
  不能否定：信息不存在；RT-A 有没有 edge；换数据源后是否可行。
  若 L2b 整条为 api_failure，请回看 capability_report.json 的
  l2b_usable —— 那是数据源限制，不是链上没有信息。

→ 因母体不完整，只写了 /home/ancillary/rightTail/formal_verification/integration/history_retry/coverage_report_backfill.INCOMPLETE.md，未产出正式报告。

→ /home/ancillary/rightTail/formal_verification/integration/history_retry/audit_sample.csv（最后两列请手工填）
  重点看：关联是不是只是共用了 router、工厂或交易所热钱包。

⚠ 以下模式的母体未通过完整性核验：backfill
⚠ 上面的数字只能用于排障，不能作为本周交付。先补齐缺口再重跑。
完成。总 RPC 调用 213。数据库 /home/ancillary/rightTail/formal_verification/integration/history_retry/rt_a.sqlite
链=ethereum  factory=0x5C69bEe701ef814a2B6a3EDD4B1652CB9cc5aA6f  spec_hash=8b17a43d36d7802d
PairCreated 采集来源：rpc —— 由 SPEC 指定：rpc
候选 1000-1040；历史回看自 100
L2b 可用性：True —— factory 创建区块定位为 100；双向断言通过（cb-1 空=True, cb 非空=True）
  按 RPC 跨度 100 取 941 个区块，约 10 次 eth_getLogs

[1/5] 历史区间 PairCreated（只建历史，不作候选）…
  .. 100-199  累计 0
  .. 200-299  累计 10
  .. 300-399  累计 20
  .. 400-499  累计 30
  .. 500-599  累计 40
  .. 600-699  累计 50
  .. 700-799  累计 60
  .. 800-899  累计 70
  .. 900-999  累计 80
[2/5] 候选区间 PairCreated…
  .. 1000-1040  累计 5
  历史 80；候选 5；缺口 历史0/候选0 段
  history   对账：去重 80 vs 预期 80；计数✔ 连续✔ 边界✔
  candidate 对账：去重 5 vs 预期 5；计数✔ 连续✔ 边界✔
[3/5] 历史建池发送者：抓 1，历史总数 80，上限 3000/次
  自足通道覆盖 80/80 → 全覆盖
[4/5] 归因 5 个候选…（自足通道实际抽到的最早区块 = 200，回看窗口起点 = 100）

[5/5] 第二遍重算 creator_prior_pairs（消除处理顺序偏置）…
完成。总 RPC 调用 248。数据库 /home/ancillary/rightTail/formal_verification/integration/history_retry/rt_a.sqlite

==============================================================================
模式：backfill    候选数 N = 5
数据采集时的 spec_hash：8b17a43d36d7802d
当前进程 spec_hash：8b17a43d36d7802d
链 = ethereum   决策窗口 = 300s
本模式回看窗口 = 900 区块
==============================================================================

【1】四条链路各自状态分布（分母 = N）
  L1 建池交易发送者             已判完 =    5/5 (100.0%)
                          ok=5
  L2a 浏览器创建归因            已判完 =    5/5 (100.0%)
                          ok=5
  L2b 纯RPC创建归因           已判完 =    0/5 (0.0%)
                          ambiguous=5
  L3 首次Mint与LP接收         已判完 =    5/5 (100.0%)
                          ok=5
  L4 最早观察到的入账            已判完 =    5/5 (100.0%)
                          ok=5

【2】联合覆盖率 —— 唯一的结论行
  规则需要：pair_created_tx_sender, creation_tx_sender, creator_prior_activity_known
  '已判完'计入可用的状态：['ok', 'no_history']  （历史部署零条仍为未知，不代表没有历史）
  联合可用 = 5/5  (100.0%)

【2b】历史可见性状态分布
  ok                  （已判完）    5/5 (100.0%)

【3】两条创建归因链路的交叉校验（按部署形态分层）
  只比较两条链路都判 ok 的行；工厂路径 L2b 仍为 ambiguous，不能据此确定归因。
  direct   候选    5；可比    0；一致 0 (n/a)
  factory  候选    0；可比    0；一致 0 (n/a)
  unknown  候选    0；可比    0；一致 0 (n/a)

【3c】两路一致性的细分（先比创建交易，再比地址）
  not_comparable          5/5 (100.0%)
  conflict_tx = 两路指向不同的创建交易，这才是真歧义；此时不写 creation_tx_sender。

【3b】creation_tx_sender 的确定性（ambiguous / conflict 不进下游）
  ok                      5/5 (100.0%)

【5】新池 ≠ 新币（只统计 backfill 候选）
  该代币此前已有池：0/5 (0.0%)
  无法判定哪侧是新币：0/5 (0.0%)

【本周能否定什么 / 不能否定什么】
  能否定：在这个冻结的母体、数据源、回看范围与决策截止内，
          【这一版归因规则】覆盖不足或来不及返回。
  不能否定：信息不存在；RT-A 有没有 edge；换数据源后是否可行。
  若 L2b 整条为 api_failure，请回看 capability_report.json 的
  l2b_usable —— 那是数据源限制，不是链上没有信息。

→ /home/ancillary/rightTail/formal_verification/integration/history_retry/audit_sample.csv（最后两列请手工填）
  重点看：关联是不是只是共用了 router、工厂或交易所热钱包。
[warn] keccak 后端不可用，改用已校验常量（topic0 仍然正确，只是不再运行时计算）。
[warn] 恢复运行时计算需要【两个】包，缺一不可：
[warn]     pip install eth-utils "eth-hash[pycryptodome]"
[warn] 只装 eth-hash 不够 —— 本脚本 import 的是 eth_utils.keccak。
