# DQ-2 结果摘要（脚本生成）

run `20260915T012628Z-full`｜事件 206｜数据截止 2026-09-13｜卡片 sha256 `2868546dc6df…`｜下载错误 1

价格代理，零规模；不是可执行收益。命中区间 = [是/N, (是+未知)/N]。

## 基准 a30

入场状态：{'ok': 203, 'entry_missing': 2, 'download_error': 1}

### M*（最高价） 命中

| H | ≥2× | ≥5× | ≥10× | ≥50× | ≥100× |
|---|---|---|---|---|---|
| 7d | 17 是 / 3 未知 [8.3%, 9.7%] | 2 是 / 3 未知 [1.0%, 2.4%] | 0 是 / 3 未知 [0.0%, 1.5%] | 0 是 / 3 未知 [0.0%, 1.5%] | 0 是 / 3 未知 [0.0%, 1.5%] |
| 30d | 26 是 / 3 未知 [12.6%, 14.1%] | 5 是 / 3 未知 [2.4%, 3.9%] | 1 是 / 3 未知 [0.5%, 1.9%] | 0 是 / 3 未知 [0.0%, 1.5%] | 0 是 / 3 未知 [0.0%, 1.5%] |
| 90d | 44 是 / 3 未知 [21.4%, 22.8%] | 9 是 / 4 未知 [4.4%, 6.3%] | 3 是 / 4 未知 [1.5%, 3.4%] | 0 是 / 4 未知 [0.0%, 1.9%] | 0 是 / 4 未知 [0.0%, 1.9%] |
| 180d | 47 是 / 9 未知 [22.8%, 27.2%] | 11 是 / 12 未知 [5.3%, 11.2%] | 4 是 / 12 未知 [1.9%, 7.8%] | 0 是 / 12 未知 [0.0%, 5.8%] | 0 是 / 12 未知 [0.0%, 5.8%] |

### M*close（最高收盘） 命中

| H | ≥2× | ≥5× | ≥10× | ≥50× | ≥100× |
|---|---|---|---|---|---|
| 7d | 13 是 / 3 未知 [6.3%, 7.8%] | 1 是 / 3 未知 [0.5%, 1.9%] | 0 是 / 3 未知 [0.0%, 1.5%] | 0 是 / 3 未知 [0.0%, 1.5%] | 0 是 / 3 未知 [0.0%, 1.5%] |
| 30d | 18 是 / 3 未知 [8.7%, 10.2%] | 4 是 / 3 未知 [1.9%, 3.4%] | 1 是 / 3 未知 [0.5%, 1.9%] | 0 是 / 3 未知 [0.0%, 1.5%] | 0 是 / 3 未知 [0.0%, 1.5%] |
| 90d | 30 是 / 3 未知 [14.6%, 16.0%] | 6 是 / 4 未知 [2.9%, 4.9%] | 2 是 / 4 未知 [1.0%, 2.9%] | 0 是 / 4 未知 [0.0%, 1.9%] | 0 是 / 4 未知 [0.0%, 1.9%] |
| 180d | 34 是 / 11 未知 [16.5%, 21.8%] | 8 是 / 12 未知 [3.9%, 9.7%] | 2 是 / 12 未知 [1.0%, 6.8%] | 0 是 / 12 未知 [0.0%, 5.8%] | 0 是 / 12 未知 [0.0%, 5.8%] |

### 状态与 observed-only 分布（仅 complete）

| H | 状态计数 | M* p50 / p90 / max | M*close p50 / p90 / max | Mπ p10 / p50 / p90 |
|---|---|---|---|---|
| 7d | {'complete': 203, 'entry_missing': 2, 'download_error': 1} | 1.14 / 1.88 / 9.51 | 0.99 / 1.52 / 5.61 | 0.47 / 0.76 / 1.22 |
| 30d | {'complete': 203, 'entry_missing': 2, 'download_error': 1} | 1.20 / 2.24 / 20.70 | 1.03 / 1.94 / 17.78 | 0.33 / 0.63 / 1.34 |
| 90d | {'complete': 202, 'entry_missing': 2, 'download_error': 1, 'immature': 1} | 1.30 / 2.68 / 27.62 | 1.11 / 2.31 / 25.27 | 0.19 / 0.44 / 1.15 |
| 180d | {'complete': 194, 'data_ended': 3, 'entry_missing': 2, 'download_error': 1, 'immature': 6} | 1.30 / 2.92 / 27.62 | 1.12 / 2.52 / 25.27 | 0.11 / 0.29 / 1.00 |

## 基准 a0

入场状态：{'ok': 205, 'download_error': 1}

### M*（最高价） 命中

| H | ≥2× | ≥5× | ≥10× | ≥50× | ≥100× |
|---|---|---|---|---|---|
| 7d | 19 是 / 1 未知 [9.2%, 9.7%] | 2 是 / 2 未知 [1.0%, 1.9%] | 1 是 / 2 未知 [0.5%, 1.5%] | 0 是 / 2 未知 [0.0%, 1.0%] | 0 是 / 2 未知 [0.0%, 1.0%] |
| 30d | 31 是 / 1 未知 [15.0%, 15.5%] | 5 是 / 2 未知 [2.4%, 3.4%] | 2 是 / 2 未知 [1.0%, 1.9%] | 0 是 / 2 未知 [0.0%, 1.0%] | 0 是 / 2 未知 [0.0%, 1.0%] |
| 90d | 47 是 / 1 未知 [22.8%, 23.3%] | 9 是 / 3 未知 [4.4%, 5.8%] | 4 是 / 3 未知 [1.9%, 3.4%] | 0 是 / 3 未知 [0.0%, 1.5%] | 0 是 / 3 未知 [0.0%, 1.5%] |
| 180d | 49 是 / 8 未知 [23.8%, 27.7%] | 10 是 / 11 未知 [4.9%, 10.2%] | 4 是 / 11 未知 [1.9%, 7.3%] | 0 是 / 11 未知 [0.0%, 5.3%] | 0 是 / 11 未知 [0.0%, 5.3%] |

### M*close（最高收盘） 命中

| H | ≥2× | ≥5× | ≥10× | ≥50× | ≥100× |
|---|---|---|---|---|---|
| 7d | 15 是 / 1 未知 [7.3%, 7.8%] | 1 是 / 2 未知 [0.5%, 1.5%] | 0 是 / 2 未知 [0.0%, 1.0%] | 0 是 / 2 未知 [0.0%, 1.0%] | 0 是 / 2 未知 [0.0%, 1.0%] |
| 30d | 22 是 / 1 未知 [10.7%, 11.2%] | 4 是 / 2 未知 [1.9%, 2.9%] | 1 是 / 2 未知 [0.5%, 1.5%] | 0 是 / 2 未知 [0.0%, 1.0%] | 0 是 / 2 未知 [0.0%, 1.0%] |
| 90d | 33 是 / 1 未知 [16.0%, 16.5%] | 6 是 / 3 未知 [2.9%, 4.4%] | 2 是 / 3 未知 [1.0%, 2.4%] | 0 是 / 3 未知 [0.0%, 1.5%] | 0 是 / 3 未知 [0.0%, 1.5%] |
| 180d | 36 是 / 8 未知 [17.5%, 21.4%] | 6 是 / 11 未知 [2.9%, 8.3%] | 2 是 / 11 未知 [1.0%, 6.3%] | 0 是 / 11 未知 [0.0%, 5.3%] | 0 是 / 11 未知 [0.0%, 5.3%] |

### 状态与 observed-only 分布（仅 complete）

| H | 状态计数 | M* p50 / p90 / max | M*close p50 / p90 / max | Mπ p10 / p50 / p90 |
|---|---|---|---|---|
| 7d | {'complete': 204, 'gaps': 1, 'download_error': 1} | 1.15 / 1.95 / 10.97 | 0.96 / 1.53 / 6.47 | 0.42 / 0.75 / 1.26 |
| 30d | {'complete': 204, 'gaps': 1, 'download_error': 1} | 1.21 / 2.31 / 22.73 | 1.00 / 2.04 / 19.52 | 0.29 / 0.61 / 1.31 |
| 90d | {'complete': 203, 'gaps': 1, 'download_error': 1, 'immature': 1} | 1.32 / 2.90 / 30.33 | 1.04 / 2.32 / 27.75 | 0.17 / 0.43 / 1.06 |
| 180d | {'complete': 195, 'data_ended': 3, 'gaps': 1, 'download_error': 1, 'immature': 6} | 1.37 / 3.06 / 30.33 | 1.05 / 2.73 / 27.75 | 0.09 / 0.28 / 1.00 |

## a30 · H180 M* 最高的 15 条（含未成熟/中断，M* 为观测值或下界）

| base | T0 | 入场价 | M* | M*close | 最高点日期 | 状态 | Mπ180 |
|---|---|---|---|---|---|---|---|
| GMT | 2022-03-09 | 0.15129 | 27.62 | 25.27 | 2022-04-28 | complete | 4.57 |
| FIDA | 2021-09-30 | 6.462 | 16.61 | 1.67 | 2021-11-03 | complete | 0.30 |
| GALA | 2021-09-13 | 0.05732 | 14.68 | 12.95 | 2021-11-26 | complete | 3.73 |
| BANANAS31 | 2025-03-27 | 0.006743 | 10.97 | 5.52 | 2025-07-11 | complete | 0.78 |
| MMT | 2025-11-04 | 0.4704 | 9.51 | 5.61 | 2025-11-04 | complete | 0.28 |
| ORDI | 2023-11-07 | 10.358 | 9.36 | 8.42 | 2024-03-05 | complete | 3.88 |
| TIA | 2023-10-31 | 2.4105 | 8.77 | 8.36 | 2024-02-10 | complete | 4.17 |
| NEIRO | 2024-09-16 | 0.0003624 | 8.60 | 7.49 | 2024-11-12 | complete | 0.76 |
| OSMO | 2022-10-28 | 1.682 | 7.43 | 0.98 | 2022-12-10 | complete | 0.46 |
| PNUT | 2024-11-11 | 0.4268 | 5.86 | 4.20 | 2024-11-14 | complete | 0.85 |
| SEI | 2023-08-15 | 0.1619 | 5.45 | 5.13 | 2024-01-03 | complete | 4.19 |
| VIRTUAL | 2025-04-11 | 0.5364 | 4.83 | 4.56 | 2025-05-27 | complete | 2.10 |
| NTRN | 2023-10-10 | 0.4371 | 4.60 | 4.28 | 2024-02-15 | complete | 2.57 |
| 1MBABYDOGE | 2024-09-16 | 0.0016055 | 4.18 | 3.53 | 2024-12-10 | complete | 0.79 |
| SOMI | 2025-09-02 | 0.4605 | 4.14 | 3.59 | 2025-09-07 | complete | 0.42 |

## 下载错误

- 币安人生: RuntimeError: DOWNLOAD_FAILED daily/klines/币安人生USDT/1m/币安人生USDT-1m-2026-01-07.zip: UnicodeEncodeError: 'ascii' codec can't encode characters in position 28-31: ordinal not in range(128)

输出目录：/home/ancillary/RT/dq2/runs/20260915T012628Z-full
exit=1
