{"scene": "baseline", "old_exit": 0, "new_exit": 0, "new_failed": []}
{"scene": "one_wei", "old_exit": 1, "new_exit": 1, "new_failed": ["final_results_traced:parallel", "results_identical_except_allowed"]}
{"scene": "validation_flip", "old_exit": 1, "new_exit": 1, "new_failed": ["final_results_traced:parallel", "results_identical_except_allowed"]}
{"scene": "missing_footer", "old_exit": 0, "new_exit": 1, "new_failed": ["evidence_complete:serial", "final_results_traced:serial", "footer_matches_result:serial"]}
{"scene": "final_exit_1", "old_exit": 0, "new_exit": 1, "new_failed": ["final_exit_0:parallel"]}
{"scene": "missing_final_run_entries", "old_exit": 0, "new_exit": 1, "new_failed": ["chain_checkpoint_consistent:parallel", "chain_checkpoint_consistent:serial", "checkpoint_binding:parallel", "checkpoint_binding:serial", "final_exit_0:parallel", "final_exit_0:serial"]}
{
 "old": {
  "driver_exit": 0,
  "child_exits": [
   2,
   2,
   2
  ],
  "prior_manifest_row_retained": false,
  "historical_stdout_retained": false
 },
 "new": {
  "driver_exit": 1,
  "child_exits": [
   2,
   2,
   2,
   2
  ],
  "new_attempt_dir_created": true,
  "prior_dir_bytes_retained": true
 }
}
delivery_dir_unchanged True
